Prepared Character Viewer cooking inputs from Sin Star I: D:\SMILE 2.0\tools\Character3DViewer\BuildAssets
Packaged Arin calibration: 24 keys; SHA-256 F9EDFD6FA6DF520186E8571A089FA0D300F6D7C55893BAFDF9B899A7DCA44C61
Packaged Orin calibration: 0 keys; SHA-256 82397119FE59E854B4EC2A005DD923DDFE6F80E23C7D6243880C719AC4BA8DB6
Prepared 37 editable town model inputs.
Prepared Neris Castle M06 r006: 12 static chunks, 85 static parts, 7 bridge parts and 6 door parts.
Prepared Neris Spaceport r09: 6 models, 22 static parts, 472220 static triangles; four alien visitors in 12 additional parts.
Prepared Neris Horizon r009: 5 models, 35 parts, 78120 triangles, including the cargo ship.
Dependency is up to date: D:\SMILE 2.0\libraries\Smile.Simple3D\bin\Release\Smile.Simple3D.smilelib
Dependency is up to date: D:\SMILE 2.0\libraries\Smile.UI\bin\Release\Smile.UI.smilelib
CACHE-HIT Model3DAsset BuildAssets/Earth/earth-rocks.glb -> Assets/Earth/EarthRocks.sm3d [0a6c13fa2980b256c34d204ed0b3a4482a90509a7cf212833f4940ad27fdcdc8]
CACHE-HIT Model3DAsset BuildAssets/ArinPrototype/sin-star-i-character-1-paladin-tripo-v01.original.glb -> Assets/Generation2/Arin/ArinPrototype.sm3d [0fdf863c1c9bfb97b6335345bee868e7f108eedd95a3f6f9bb59eceddb62855e]
CACHE-HIT Model3DAsset BuildAssets/ArinV56/arin-integrated-candidate-v5.6.glb -> Assets/Generation2/ArinV56/ArinV56.sm3d [ceeeff3a85951b4bf217274b07ce832159e34e7b0aa42ed872b67aab2424304f]
CACHE-HIT Model3DAsset BuildAssets/ArinV57/arin-v5.7-idle-equipment-checkpoint.glb -> Assets/Generation2/ArinV57/ArinV57.sm3d [1877c34a2b433a088a41930aecb896b7c12eb85bcae47836f1ba94e253ac250e]
CACHE-HIT Model3DAsset BuildAssets/KaelV1/kael-v1-animation-checkpoint.glb -> Assets/Generation2/KaelV1/Kael.sm3d [7550864e9606c6e69f51730551eec657d29b115726b0c861cbaad90f926d59bc]
CACHE-HIT Model3DAsset BuildAssets/MiraTripoV1/mira-animation-checkpoint.glb -> Assets/Generation2/MiraTripoV1/Mira.sm3d [ef2d3ee3fd44b9d92f86736f371669cc71be9448e614169704317dfcfcdafd0e]
CACHE-HIT Model3DAsset BuildAssets/MiraV1/mira1-animation-checkpoint.glb -> Assets/Generation2/MiraV1/Mira1.sm3d [6f672701cd6558e919711a5937b87df8348c8d3feb0306b05771b5a7162599aa]
CACHE-HIT Model3DAsset BuildAssets/MiraV2/mira2-animation-checkpoint.glb -> Assets/Generation2/MiraV2/Mira2.sm3d [a1fe57f91a19277102940322c697984cee7e83f347778c462b8f8db38be9cf18]
CACHE-HIT Model3DAsset BuildAssets/MiraV3/mira3-animation-checkpoint.glb -> Assets/Generation2/MiraV3/Mira3.sm3d [20f435e3e386d19b71ea8245f988f2438001a2802ee6d7098bbe51091a61af79]
CACHE-HIT Model3DAsset BuildAssets/OrinV13/orin-v1.3-animation-checkpoint.glb -> Assets/Generation2/OrinV13/OrinV13.sm3d [5f958bc9cbcabc0d5c0f247aacc68761a6bca00b4b7df62e81c5bd7fc14264d5]
CACHE-HIT Model3DAsset BuildAssets/RedDragon/red-dragon-v1.1-animated.glb -> Assets/Generation2/RedDragon/RedDragon.sm3d [f4d7d1709b23ac5d359674614a21cc5fbdf6fa5b3258e18a4e52d1263b945a76]
CACHE-HIT Model3DAsset BuildAssets/ValorV1/Valor-v1-animation-set.glb -> Assets/Generation2/ValorV1/Valor.sm3d [dc496f008d42e23d3cc1962c00f4957b8851667a583359f3004419310b355f74]
CACHE-HIT Model3DAsset BuildAssets/VraxV1/Vrax-v1-animation-set.glb -> Assets/Generation2/VraxV1/Vrax.sm3d [4f49c3898b85c1e02299ebab87228551555089ad66909e1c327ac1419e917752]
CACHE-HIT Model3DAsset BuildAssets/YalisV1/yalis-v1-animation-checkpoint.glb -> Assets/Generation2/YalisV1/Yalis.sm3d [3de2ddecfe9cd388f3253f4b555167e0c11a52c4a4b0d795ca69ef44b484acbf]
CACHE-HIT Model3DAsset BuildAssets/ZaraV1/Zara-v1-animation-set.glb -> Assets/Generation2/ZaraV1/Zara.sm3d [22e78c0929a5471ab3bb6554fbfbd52d0dfe0c3e59482b4c331a7dfdb863bb66]
CACHE-HIT Model3DAsset BuildAssets/Neris/Castle-00.glb -> Assets/Neris/Castle-00.sm3d [b3fcef9489a57a4a2dba19a85b64df0345c20ddcf6a2ec1f705ca9d86e6d2652]
CACHE-HIT Model3DAsset BuildAssets/Neris/Castle-01.glb -> Assets/Neris/Castle-01.sm3d [3b9069cd517fd7c744d6197e5bbb5a85a9fa6513cf11285e1c28b4952fb88bb7]
CACHE-HIT Model3DAsset BuildAssets/Neris/Castle-02.glb -> Assets/Neris/Castle-02.sm3d [12f8876a2ac3554ad09e4caae39e40e90e00b12fe015f47abb5d388e186a96b4]
CACHE-HIT Model3DAsset BuildAssets/Neris/Castle-03.glb -> Assets/Neris/Castle-03.sm3d [41bf45ab0403c146b95b9b5899b0d651c1602af7c5582ebdd5f66cc19772af55]
CACHE-HIT Model3DAsset BuildAssets/Neris/Castle-04.glb -> Assets/Neris/Castle-04.sm3d [04360b6ffb2015264cd992f055d7256d6912cac132c8b0899a07b246268384b2]
CACHE-HIT Model3DAsset BuildAssets/Neris/Castle-05.glb -> Assets/Neris/Castle-05.sm3d [e5c643d22501b16d3c88fd282c5aa127114c9d1172243320e0e0ee5ce42e25ee]
CACHE-HIT Model3DAsset BuildAssets/Neris/Castle-06.glb -> Assets/Neris/Castle-06.sm3d [60a71c1f99488bdfa44e03fff9efb0ae5026df886d8a4f8399b145221be1f92b]
CACHE-HIT Model3DAsset BuildAssets/Neris/Castle-07.glb -> Assets/Neris/Castle-07.sm3d [b332b9d2bc55d5b334b156d884f68560e1fc195adcaf6a045dd06d4d0fefd418]
CACHE-HIT Model3DAsset BuildAssets/Neris/Castle-08.glb -> Assets/Neris/Castle-08.sm3d [c686c0fa416443486c161010a72fb3377dfc9d30dcb5b50c96438cc9c83b031b]
CACHE-HIT Model3DAsset BuildAssets/Neris/Castle-09.glb -> Assets/Neris/Castle-09.sm3d [d5128e34d616857858b792494ffb38af816423b45bd33eaec20a3af623bab589]
CACHE-HIT Model3DAsset BuildAssets/Neris/Castle-10.glb -> Assets/Neris/Castle-10.sm3d [d1e2f488128e96f3d3e8155c09bf4bce30aab5bdad149c64b55dcef630faaad8]
CACHE-HIT Model3DAsset BuildAssets/Neris/Castle-11.glb -> Assets/Neris/Castle-11.sm3d [1d02c758da2f93cf3bb4914b39cc91d66cb475799b025b08e630d052bcf02a9e]
CACHE-HIT Model3DAsset BuildAssets/Neris/Castle-12.glb -> Assets/Neris/Castle-12.sm3d [90601a3123791247c8ca4e2f8571e04bd7f566079398c3974ac7971482092750]
CACHE-HIT Model3DAsset BuildAssets/Neris/Castle-13.glb -> Assets/Neris/Castle-13.sm3d [2d35bd0878194af73535c37eb2551d9b92914d9d211ec50b24bb4e32934bc300]
CACHE-HIT Model3DAsset BuildAssets/Neris/CastleV2/castle-00.glb -> Assets/Neris/CastleV2/Castle-00.sm3d [4287ccab843b4f14316b98e6ddf2581a7c6cdea3e58f4810ed81a30526e45ce9]
CACHE-HIT Model3DAsset BuildAssets/Neris/CastleV2/castle-01.glb -> Assets/Neris/CastleV2/Castle-01.sm3d [e0dda74eebea0c8c0363a59ab906be11bb7eb15d59694d14e50ca8450bfb173a]
CACHE-HIT Model3DAsset BuildAssets/Neris/CastleV2/castle-02.glb -> Assets/Neris/CastleV2/Castle-02.sm3d [574a3849c35c3d221d8fdaec6c340778355fe116caa03f7b65d227ef1c2498eb]
CACHE-HIT Model3DAsset BuildAssets/Neris/CastleV2/castle-03.glb -> Assets/Neris/CastleV2/Castle-03.sm3d [c601ed34b28e957ba76ef3015d358ae256108a12ce0342c088b0668cd7ddfca8]
CACHE-HIT Model3DAsset BuildAssets/Neris/CastleV2/castle-04.glb -> Assets/Neris/CastleV2/Castle-04.sm3d [bb3153b7127cb3321415eac8d1a4152a016bab3a5d057d6fe539d708c2b7806d]
CACHE-HIT Model3DAsset BuildAssets/Neris/CastleV2/castle-05.glb -> Assets/Neris/CastleV2/Castle-05.sm3d [cf17164594e0035670835d4b1bf837206ec92e0eee8905f539c36bf9c616164a]
CACHE-HIT Model3DAsset BuildAssets/Neris/CastleV2/castle-06.glb -> Assets/Neris/CastleV2/Castle-06.sm3d [76ea53389c85dcf432a143b6e95bfa8381a1eaefa7d1c186ae9f8c99bc01bc45]
CACHE-HIT Model3DAsset BuildAssets/Neris/CastleV2/castle-07.glb -> Assets/Neris/CastleV2/Castle-07.sm3d [546fbc275710aecd7db3e1513367c62056b3d44f5fb814b06792a0980329e5f8]
CACHE-HIT Model3DAsset BuildAssets/Neris/CastleV2/castle-08.glb -> Assets/Neris/CastleV2/Castle-08.sm3d [3270fffbe4ec3a670563c69fb6b839890e0c249f8aa5183ab3d4c418826d532f]
CACHE-HIT Model3DAsset BuildAssets/Neris/CastleV2/castle-09.glb -> Assets/Neris/CastleV2/Castle-09.sm3d [05a724c99113e2ed35c10156052a2104c5f504a29fe4d509012d2948a7a40f5e]
CACHE-HIT Model3DAsset BuildAssets/Neris/CastleV2/castle-10.glb -> Assets/Neris/CastleV2/Castle-10.sm3d [6d0062a81e14cac1cd0bf5e25b0ecea9bc57a8d1d3c2a4f1cbb7df3bb3dab8f5]
CACHE-HIT Model3DAsset BuildAssets/Neris/CastleV2/castle-11.glb -> Assets/Neris/CastleV2/Castle-11.sm3d [5748b1cbd4bd99941165289db8a42e100edaa578bf3cc47fbf11e40b561dc3aa]
CACHE-HIT Model3DAsset BuildAssets/Neris/CastleV2/door-east.glb -> Assets/Neris/CastleV2/Door-East.sm3d [7684c84f6f1c5050d3fa336fb53ab26ed2d2fdf7340373bdebafe88bf3511004]
CACHE-HIT Model3DAsset BuildAssets/Neris/CastleV2/door-west.glb -> Assets/Neris/CastleV2/Door-West.sm3d [6900ba7214620346d36a7481aae1ed550c850e5df567e2a5968ee06119fbe472]
CACHE-HIT Model3DAsset BuildAssets/Neris/CastleV2/drawbridge.glb -> Assets/Neris/CastleV2/Drawbridge.sm3d [fb2669e72beb5d20cb80f16b936d8bdf50eb28adbf3cf550faeec407a9d20d9e]
CACHE-HIT Model3DAsset BuildAssets/Neris/Catalog/Catalog-00.glb -> Assets/Neris/Catalog/Catalog-00.sm3d [f4347e0b92defa30808dc0d231e1e00cb4c3bae06348fc1f59e8c3bf1827db23]
CACHE-HIT Model3DAsset BuildAssets/Neris/Catalog/Catalog-01.glb -> Assets/Neris/Catalog/Catalog-01.sm3d [0894737f597375f1a622d276fc612a10e76be648de2101e3080d093938fa5274]
CACHE-HIT Model3DAsset BuildAssets/Neris/Catalog/Catalog-02.glb -> Assets/Neris/Catalog/Catalog-02.sm3d [66757a35b729b63d463b343425f285ec9e3758f1432962504f4fb2b9bae001da]
CACHE-HIT Model3DAsset BuildAssets/Neris/Catalog/Catalog-03.glb -> Assets/Neris/Catalog/Catalog-03.sm3d [02580895f2a438b45e906870c7f30e0ed28dad7f5ce97d88d9c8c1fa5484586e]
CACHE-HIT Model3DAsset BuildAssets/Neris/Catalog/Catalog-04.glb -> Assets/Neris/Catalog/Catalog-04.sm3d [d626d7a2b4a71f7b957e254bc01c42d73e06ba299ae7bd0136bb1cf4abbeb8d6]
CACHE-HIT Model3DAsset BuildAssets/Neris/Catalog/Catalog-05.glb -> Assets/Neris/Catalog/Catalog-05.sm3d [c0796ad00c2e0402021767716cf3eaa4d2a8297d4e2c05f5b243364ed722b0e8]
CACHE-HIT Model3DAsset BuildAssets/Neris/Catalog/Catalog-06.glb -> Assets/Neris/Catalog/Catalog-06.sm3d [69a4e08fe1f96dd479e08f5dc9758b27a36e72fdca46bd97e2b9c83e50c3348b]
CACHE-HIT Model3DAsset BuildAssets/Neris/Catalog/Catalog-07.glb -> Assets/Neris/Catalog/Catalog-07.sm3d [8f6600af637790250512d739afb1fe0f09938b2500d9d2b3cc5246a2450c38f9]
CACHE-HIT Model3DAsset BuildAssets/Neris/Catalog/Catalog-08.glb -> Assets/Neris/Catalog/Catalog-08.sm3d [d0078a122d4381224d3d864a3bee09d8117509bc032cc9c810d6041295278f65]
CACHE-HIT Model3DAsset BuildAssets/Neris/Catalog/Catalog-09.glb -> Assets/Neris/Catalog/Catalog-09.sm3d [35bfbb197956b986f91eb40456ea08f4b5d4a29078c01f8c31f8e16c6ee46255]
CACHE-HIT Model3DAsset BuildAssets/Neris/Catalog/Catalog-10.glb -> Assets/Neris/Catalog/Catalog-10.sm3d [7d6a907427ed06afb9968621ee8846022899de01a9ed928d87a567d0c55addd8]
CACHE-HIT Model3DAsset BuildAssets/Neris/Catalog/Catalog-11.glb -> Assets/Neris/Catalog/Catalog-11.sm3d [d9b6c91733083dd1f224e03690c94d7f65bd5b854a5876d0d0778d3103ee8e40]
CACHE-HIT Model3DAsset BuildAssets/Neris/Catalog/Catalog-12.glb -> Assets/Neris/Catalog/Catalog-12.sm3d [49ba8e919fdd7ee4b3d9ce5e544946b3f684d19dc3249171aafe044f78d9a328]
CACHE-HIT Model3DAsset BuildAssets/Neris/Catalog/Catalog-13.glb -> Assets/Neris/Catalog/Catalog-13.sm3d [90abc7465e2a14f77b40373462e8a0441f4dc62548cb1359d8a7ee2ff89ff02d]
CACHE-HIT Model3DAsset BuildAssets/Neris/Catalog/Catalog-14.glb -> Assets/Neris/Catalog/Catalog-14.sm3d [aac80208afbda87ea545de4d3e68f7781944bef090218e781ef8ea7c0fb4c5c8]
CACHE-HIT Model3DAsset BuildAssets/Neris/Catalog/Catalog-15.glb -> Assets/Neris/Catalog/Catalog-15.sm3d [a7d3b8635a226d8e43050bb9de401b63c288160a8156ea50d556db9080e7577c]
CACHE-HIT Model3DAsset BuildAssets/Neris/Catalog/Catalog-16.glb -> Assets/Neris/Catalog/Catalog-16.sm3d [f3e4a1b8134c491c74b9a72451d61bc8cd4c7f6f293baec63d4820442df84b0c]
CACHE-HIT Model3DAsset BuildAssets/Neris/Catalog/Catalog-17.glb -> Assets/Neris/Catalog/Catalog-17.sm3d [a68908fb8645e1e5ecbb000ffb74a01cadf383de15b816adaada33fbde400d8d]
CACHE-HIT Model3DAsset BuildAssets/Neris/Catalog/Catalog-18.glb -> Assets/Neris/Catalog/Catalog-18.sm3d [34935f6c1516053c653fdf53fb7e6f93f925ef1f758a4c2481ecdf4b6abf4a26]
CACHE-HIT Model3DAsset BuildAssets/Neris/Catalog/Catalog-19.glb -> Assets/Neris/Catalog/Catalog-19.sm3d [3bc474ee0950b71eb8d4fab1c5939f9a7f192ab2bfc5a49e85e08576abf0a7bf]
CACHE-HIT Model3DAsset BuildAssets/Neris/Catalog/Catalog-20.glb -> Assets/Neris/Catalog/Catalog-20.sm3d [f945b687246a4ab3c32604f6b5fd7ee753be2427e4fb8ac0f8cf6c58fbf81873]
CACHE-HIT Model3DAsset BuildAssets/Neris/Catalog/Catalog-21.glb -> Assets/Neris/Catalog/Catalog-21.sm3d [f280b4cce86e797f1a5158c4cc0bf5c79e00a7ff8ca93436dfe6ab9b92ed1748]
CACHE-HIT Model3DAsset BuildAssets/Neris/Catalog/Catalog-22.glb -> Assets/Neris/Catalog/Catalog-22.sm3d [51cc6dab16ae67156fa2cb7ee935c148b04a5660bfbf616c189ece3504ef9025]
CACHE-HIT Model3DAsset BuildAssets/Neris/Catalog/Catalog-23.glb -> Assets/Neris/Catalog/Catalog-23.sm3d [375226478e1fe75111117351de091801cd46e4ab86aeef2345e7f4376eeac2c6]
CACHE-HIT Model3DAsset BuildAssets/Neris/Catalog/Catalog-24.glb -> Assets/Neris/Catalog/Catalog-24.sm3d [0fd5a7717da616e131d35664c1ad997be65696539f2b2c0e5faf531ef3a3b84d]
CACHE-HIT Model3DAsset BuildAssets/Neris/Catalog/Catalog-25.glb -> Assets/Neris/Catalog/Catalog-25.sm3d [e934e1a4d619a4f534eed6cd0525b629f1943f3580d8562f27c8e66b6ae0d614]
CACHE-HIT Model3DAsset BuildAssets/Neris/Catalog/Catalog-26.glb -> Assets/Neris/Catalog/Catalog-26.sm3d [6515e144f57004708f321b2377227b256d0b51cfbb80bbd325266f307351cad3]
CACHE-HIT Model3DAsset BuildAssets/Neris/Catalog/Catalog-27.glb -> Assets/Neris/Catalog/Catalog-27.sm3d [936ec96976574684bd18843ac82a34f04ad68f5c7c685ad2d032819f60b3c89b]
CACHE-HIT Model3DAsset BuildAssets/Neris/Catalog/Catalog-28.glb -> Assets/Neris/Catalog/Catalog-28.sm3d [932fb9403a7a55c16ab374bd0071a372dde75f3ff718d230750f70a2ac2689e2]
CACHE-HIT Model3DAsset BuildAssets/Neris/Catalog/Catalog-29.glb -> Assets/Neris/Catalog/Catalog-29.sm3d [414905e88644310bdeeae951f059362f80b2dada4512e080455c1307538b9fdd]
CACHE-HIT Model3DAsset BuildAssets/Neris/Catalog/Catalog-30.glb -> Assets/Neris/Catalog/Catalog-30.sm3d [827e563765dba12b41f601b85aac2874b935022bc94ed37d44c46ba084900e8c]
CACHE-HIT Model3DAsset BuildAssets/Neris/Catalog/Catalog-31.glb -> Assets/Neris/Catalog/Catalog-31.sm3d [dc1b4ad8270b3c01a18f71554c2fc6e0504c15acb2507ea99a0c81def6b387e2]
CACHE-HIT Model3DAsset BuildAssets/Neris/Catalog/Catalog-32.glb -> Assets/Neris/Catalog/Catalog-32.sm3d [caaf09f5c520c86a03cd2a2083fe56999ebad4c6b396b529e25adc2fd8acdfa2]
CACHE-HIT Model3DAsset BuildAssets/Neris/Catalog/Catalog-33.glb -> Assets/Neris/Catalog/Catalog-33.sm3d [5dc3a1e1cdfca6cd3ef3e6e10db521cec78b7ef6e7e67661793097bd07fb4a5a]
CACHE-HIT Model3DAsset BuildAssets/Neris/Catalog/Catalog-34.glb -> Assets/Neris/Catalog/Catalog-34.sm3d [d17d875299bd510b55654be5a936aea0915521e4f29a502773a4bc212b695b10]
CACHE-HIT Model3DAsset BuildAssets/Neris/Catalog/Catalog-35.glb -> Assets/Neris/Catalog/Catalog-35.sm3d [9e633eaa3b4565333d1adc07c6cfdd89e357c39b8afaa1d61b850d4092426936]
CACHE-HIT Model3DAsset BuildAssets/Neris/Catalog/Catalog-36.glb -> Assets/Neris/Catalog/Catalog-36.sm3d [e7f15975b136cba153f1e4c9d5704aab014846fc4df4f039893ba8a7f7840613]
CACHE-HIT Model3DAsset BuildAssets/Neris/Door-Leaves.glb -> Assets/Neris/Door-Leaves.sm3d [99980f0d0d1bce5f2df01ddb106f7b83eed471c90de73917b2668ae872c42921]
CACHE-HIT Model3DAsset BuildAssets/Neris/Flowers.glb -> Assets/Neris/Flowers.sm3d [8af3e32a46f33bc2c2037ba93ec2f5cbf70e0bf33b22804b15c6f94c003881de]
CACHE-HIT Model3DAsset BuildAssets/Neris/Horizon/Cargo.glb -> Assets/Neris/Horizon/Cargo.sm3d [74c6535415ef1210645f8455cffaaaa7a8bd676b6d7f3b243b7cc557502945af]
CACHE-HIT Model3DAsset BuildAssets/Neris/Horizon/Door.glb -> Assets/Neris/Horizon/Door.sm3d [2bb01aa0889df5926735767b91543e2db336333e3920479632e5fa2d423cb9fc]
CACHE-HIT Model3DAsset BuildAssets/Neris/Horizon/Horizon.glb -> Assets/Neris/Horizon/Horizon.sm3d [b0c4587219381c2ea46fb6e05f1365494181f50152d15a62ceb08bdede849380]
CACHE-HIT Model3DAsset BuildAssets/Neris/Horizon/Royal.glb -> Assets/Neris/Horizon/Royal.sm3d [caa67b2ce73f45ec7d6aeef576e63996fb489dcd9a66ab9a68a969d593337044]
CACHE-HIT Model3DAsset BuildAssets/Neris/Horizon/Transport.glb -> Assets/Neris/Horizon/Transport.sm3d [0fe77a34e6acc60c188f19fa733f6451d64b2276fe7895daa04de013f3f74d70]
CACHE-HIT Model3DAsset BuildAssets/Neris/Leaf.glb -> Assets/Neris/Leaf.sm3d [08b79eb1ba786b891150f5ae8aed2b50cf694810712ed1811daa7a1f4436be19]
CACHE-HIT Model3DAsset BuildAssets/Neris/Neris-00.glb -> Assets/Neris/Neris-00.sm3d [95446108fd64056e48c8d705e3bbaf21be2756fcfb06062581019bcc4529ef27]
CACHE-HIT Model3DAsset BuildAssets/Neris/Neris-01.glb -> Assets/Neris/Neris-01.sm3d [8370c40bff722ea24ac398b2d04132b1d5408d3a3cfd1df3c0cfbdc7e92594b2]
CACHE-HIT Model3DAsset BuildAssets/Neris/Neris-02.glb -> Assets/Neris/Neris-02.sm3d [400a3bcc7f81cccc5ec16e5b4245d9781ad898b1a1db36104b3cb65ef8f2a1d1]
CACHE-HIT Model3DAsset BuildAssets/Neris/Neris-03.glb -> Assets/Neris/Neris-03.sm3d [09e73a032e035e78798057501d65159a89f65245e185185641bacee85daa3112]
CACHE-HIT Model3DAsset BuildAssets/Neris/Neris-04.glb -> Assets/Neris/Neris-04.sm3d [0d3faac23ca86af63dbe674a316a4785dbe4e2bb1c94329762beb8388f6b1aa5]
CACHE-HIT Model3DAsset BuildAssets/Neris/Neris-05.glb -> Assets/Neris/Neris-05.sm3d [9f4b8021b243ad0688be707361ef30da28d5284479ebe040b8f5825c6ba88cd8]
CACHE-HIT Model3DAsset BuildAssets/Neris/Neris-06.glb -> Assets/Neris/Neris-06.sm3d [890c39900c625b1814d7bcdf3a4e857d61756d51252b499e14717186b7e5e6e9]
CACHE-HIT Model3DAsset BuildAssets/Neris/Neris-07.glb -> Assets/Neris/Neris-07.sm3d [edcba57969cd1add4fa8c6eaf8dd389c46014baae0514adf96dde8d420c89df1]
CACHE-HIT Model3DAsset BuildAssets/Neris/Neris-08.glb -> Assets/Neris/Neris-08.sm3d [0a566cd30b3e05cde6b2bc9763277826491697ceec455a61414af67d41dbfad0]
CACHE-HIT Model3DAsset BuildAssets/Neris/Neris-09.glb -> Assets/Neris/Neris-09.sm3d [c2321fb548ef4663ed9128a426e4d60d16ea7c7ea7249e030e82703a826b9f3f]
CACHE-HIT Model3DAsset BuildAssets/Neris/Neris-10.glb -> Assets/Neris/Neris-10.sm3d [3d70dedccb9a58615d6fb74d633ad0ccec488290a39a34f27c0dd3cf8f2d5736]
CACHE-HIT Model3DAsset BuildAssets/Neris/Neris-11.glb -> Assets/Neris/Neris-11.sm3d [2656a37e930e497a08cc6c279cdd7e1d7b90e90d9f09ab36b527fd1956c9e63b]
CACHE-HIT Model3DAsset BuildAssets/Neris/Neris-12.glb -> Assets/Neris/Neris-12.sm3d [a8a71ea29295ba22ead66454ce8c9b1ae7a977f7e31c41645f41f3f64921dcfb]
CACHE-HIT Model3DAsset BuildAssets/Neris/Neris-13.glb -> Assets/Neris/Neris-13.sm3d [7d610cf3ce5eff713bc7ed1a5016cf3ce69a61b684d06166f543caa7ae6c1d35]
CACHE-HIT Model3DAsset BuildAssets/Neris/Neris-14.glb -> Assets/Neris/Neris-14.sm3d [7e66818a9c1c07b69ed6e86a14eb5845d0d0f1d455fd37a04a8a311225bf81c0]
CACHE-HIT Model3DAsset BuildAssets/Neris/Neris-15.glb -> Assets/Neris/Neris-15.sm3d [afa0941b087eb5245107f0f5638ac025ce55f3448e34f5ca2e7b0281e452ab77]
CACHE-HIT Model3DAsset BuildAssets/Neris/Neris-16.glb -> Assets/Neris/Neris-16.sm3d [85cc4b768b92ca5543212a18663f357c3e8378b3c637ef5b968d11fa37204110]
CACHE-HIT Model3DAsset BuildAssets/Neris/Neris-17.glb -> Assets/Neris/Neris-17.sm3d [e8197541ad149ea69004ef72f26c0f780a5a9a640093c25577fa5329930b57f8]
CACHE-HIT Model3DAsset BuildAssets/Neris/Neris-18.glb -> Assets/Neris/Neris-18.sm3d [c6ac65e96c038502543bb0937ba0b629a4d3cc9c0b887dfb692512f7aabaacca]
CACHE-HIT Model3DAsset BuildAssets/Neris/Neris-19.glb -> Assets/Neris/Neris-19.sm3d [675eddb69ead455cfcebbf559952bffb9db93131e4a2aba7af5f3ec001c3c51e]
CACHE-HIT Model3DAsset BuildAssets/Neris/Neris-20.glb -> Assets/Neris/Neris-20.sm3d [311f788485fe6f8b41160cb28875a19d3c9b0ccd7d2726bd2e733717bb328137]
CACHE-HIT Model3DAsset BuildAssets/Neris/Neris-21.glb -> Assets/Neris/Neris-21.sm3d [a158be29fb2a235a1d6ffbf32f5ff55bf6bfc0f5f156b526d5c1e39438930775]
CACHE-HIT Model3DAsset BuildAssets/Neris/Neris-22.glb -> Assets/Neris/Neris-22.sm3d [4f9309d4c7aa61d2f6cd72deca6a7a90c4749bb24d278c340583218dc9c3361f]
CACHE-HIT Model3DAsset BuildAssets/Neris/Neris-23.glb -> Assets/Neris/Neris-23.sm3d [557d7bc6b8af525e0e7ab598b023433b128d6d4aa0c787d0046b9afd05cf83d1]
CACHE-HIT Model3DAsset BuildAssets/Neris/Neris-24.glb -> Assets/Neris/Neris-24.sm3d [08f79951c47a855497adc79284891c503f1634034a172739235a50dbb6e83d62]
CACHE-HIT Model3DAsset BuildAssets/Neris/Neris-25.glb -> Assets/Neris/Neris-25.sm3d [b55ae9bc1332b349a0a267f022538b3cc18ce7631a0b416930c5bd483b875103]
CACHE-HIT Model3DAsset BuildAssets/Neris/Neris-26.glb -> Assets/Neris/Neris-26.sm3d [7f8743306f3355b13991b64845fdfa2b4dabaa0455dd74f5ef487050aaf8cc10]
CACHE-HIT Model3DAsset BuildAssets/Neris/Neris-27.glb -> Assets/Neris/Neris-27.sm3d [25a98cd96a7d64cdfea121b1e4d2feed9f10cefd36d5dd7d0a80dd4953507ca5]
CACHE-HIT Model3DAsset BuildAssets/Neris/Neris-28.glb -> Assets/Neris/Neris-28.sm3d [dfd6c79c71f575465c2accbd32ca15ff396f982cbc0a192ad0589e7959084683]
CACHE-HIT Model3DAsset BuildAssets/Neris/Neris-29.glb -> Assets/Neris/Neris-29.sm3d [77c53469a3a82fffbec69d3ea2d626efefe02494b91c0dd752ce38bb86bfaee2]
CACHE-HIT Model3DAsset BuildAssets/Neris/Neris-30.glb -> Assets/Neris/Neris-30.sm3d [cf3958f48f5faf699c9b61a05f8a9ed81c360ef8c279f35a2919af900586cb47]
CACHE-HIT Model3DAsset BuildAssets/Neris/Neris-31.glb -> Assets/Neris/Neris-31.sm3d [775de4092366c2b0c0ff70da712510bfc75dbc1f359768d8cbed23d9b9e42bd2]
CACHE-HIT Model3DAsset BuildAssets/Neris/Neris-32.glb -> Assets/Neris/Neris-32.sm3d [8d902ee14d604d4ac2c312ab7c669160c7db6750c86fd2b919fa013265b32c02]
CACHE-HIT Model3DAsset BuildAssets/Neris/Neris-33.glb -> Assets/Neris/Neris-33.sm3d [56a3f90b34ef01b019e0a5d3b6acbbbb319e23a4ecf599668ecf87714b530b79]
CACHE-HIT Model3DAsset BuildAssets/Neris/Neris-34.glb -> Assets/Neris/Neris-34.sm3d [55ffffc2395ecef998b0ba63b7e304538c955a4d166753d1e02dd786cb23a439]
CACHE-HIT Model3DAsset BuildAssets/Neris/Neris-35.glb -> Assets/Neris/Neris-35.sm3d [e78294a3de2c3ecbb36317541aa4b8d32798325da61b33c58126211541e4b065]
CACHE-HIT Model3DAsset BuildAssets/Neris/Neris-36.glb -> Assets/Neris/Neris-36.sm3d [ed1a8477b60fddc3c187c6f6285f1b59db2b86c68ce77934d270d3e14c56ae22]
CACHE-HIT Model3DAsset BuildAssets/Neris/Party/Arin.glb -> Assets/Neris/Party/Arin.sm3d [f07553bb33f5669ebda506f7b5647859310996ef56a1ef80ea5fe164133068c4]
CACHE-HIT Model3DAsset BuildAssets/Neris/Party/Mira.glb -> Assets/Neris/Party/Mira.sm3d [d86ce17e50dbf53bbdfd906987259a22180d68840d34acaf37846c2266eab8e3]
CACHE-HIT Model3DAsset BuildAssets/Neris/Party/Orin.glb -> Assets/Neris/Party/Orin.sm3d [ddb138cdf221118d8bd75b4ccc15b59939cf1a6bcb0df2801a2b851b178b5005]
CACHE-HIT Model3DAsset BuildAssets/Neris/Party/Zara.glb -> Assets/Neris/Party/Zara.sm3d [30e3344307f180d8543f5a388bf3b9ac81ddf8c333ae5e8b7b95b58f438f38bf]
CACHE-HIT Model3DAsset BuildAssets/Neris/Residents/Bram.glb -> Assets/Neris/Residents/Bram.sm3d [9d1851efee933f7bd1e8184f6b0db4bcccd064427900e15672806cfe25d50f54]
CACHE-HIT Model3DAsset BuildAssets/Neris/Residents/Ilan.glb -> Assets/Neris/Residents/Ilan.sm3d [6f754543792a1694f31e8a791c833787293a697151d20c90c167874c2ff0397c]
CACHE-HIT Model3DAsset BuildAssets/Neris/Residents/Maren.glb -> Assets/Neris/Residents/Maren.sm3d [24769bc63f81aac3740642e44669882d220bfa38163657653d563185f086107f]
CACHE-HIT Model3DAsset BuildAssets/Neris/Residents/Mochi.glb -> Assets/Neris/Residents/Mochi.sm3d [e14871b3f22fabf993508eef90e98272df882b7d87eceb52b9859b8bc9e262f8]
CACHE-HIT Model3DAsset BuildAssets/Neris/Residents/Nia.glb -> Assets/Neris/Residents/Nia.sm3d [9f62253b193edc676d9d1fdd84519baecd43db17a5e52356a00d18238f8fcd34]
CACHE-HIT Model3DAsset BuildAssets/Neris/Residents/Pip.glb -> Assets/Neris/Residents/Pip.sm3d [a092d2a764e6ac194010db99444f80293ee55673663cdb6dbacc5e010c6c1574]
CACHE-HIT Model3DAsset BuildAssets/Neris/Residents/Sera.glb -> Assets/Neris/Residents/Sera.sm3d [f25c2a971ec3eec3298d799c5213e875b75481f14a507a314d3026b900cea5b3]
CACHE-HIT Model3DAsset BuildAssets/Neris/Residents/Tessa.glb -> Assets/Neris/Residents/Tessa.sm3d [56544c46103bd5c8b983858c0d925a6ca1b50f7d4674d15f213b4c8944b94bcf]
CACHE-HIT Model3DAsset BuildAssets/Neris/Residents/Tobin.glb -> Assets/Neris/Residents/Tobin.sm3d [1dc0bf227aea41f0b25669600649e41168a0dd261e20e69723e8d3d1007c26a6]
CACHE-HIT Model3DAsset BuildAssets/Neris/Royal-Door-Leaves.glb -> Assets/Neris/Royal-Door-Leaves.sm3d [21dfdac499b3588d84afb61556f7bbe13c5dc08f8e1ef6132a02fcb9545b5bc3]
CACHE-HIT Model3DAsset BuildAssets/Neris/Spaceport01/Alien-0.glb -> Assets/Neris/Spaceport01/Alien-0.sm3d [135b532a8202508dbf76ee5f0ef4809dbc954313921b04ed27e47f1a78848618]
CACHE-HIT Model3DAsset BuildAssets/Neris/Spaceport01/Alien-1.glb -> Assets/Neris/Spaceport01/Alien-1.sm3d [5ec59902e11bb5209d80a09c7b309e86004475f15ba5a20020e5133707df2327]
CACHE-HIT Model3DAsset BuildAssets/Neris/Spaceport01/Alien-2.glb -> Assets/Neris/Spaceport01/Alien-2.sm3d [4b7da3bc91ffd3c14439db2e5e12390ad2611b238ce12cf1b4e3da2aa59df1c7]
CACHE-HIT Model3DAsset BuildAssets/Neris/Spaceport01/Alien-3.glb -> Assets/Neris/Spaceport01/Alien-3.sm3d [a6e0e5d0e6bb8d13ae9d53a6ebafbfa1a3e35e5882c3e714bdb31f124415b61e]
COOK Model3DAsset BuildAssets/Neris/Spaceport01/Spaceport-00.glb -> Assets/Neris/Spaceport01/Spaceport-00.sm3d [75938554f56a64373b82632838404539433b9be4955944c3d8f2c10fdf2114ab]
COOK Model3DAsset BuildAssets/Neris/Spaceport01/Spaceport-01.glb -> Assets/Neris/Spaceport01/Spaceport-01.sm3d [f2da7efb540158f0ffcc26f39ef1d94b05f332346b072b8bfb127d8d615536fb]
COOK Model3DAsset BuildAssets/Neris/Spaceport01/Spaceport-02.glb -> Assets/Neris/Spaceport01/Spaceport-02.sm3d [11626985a6f8634c51a897466bcfad5250588fabad787fdf967f8c961921dd6f]
COOK Model3DAsset BuildAssets/Neris/Spaceport01/Spaceport-03.glb -> Assets/Neris/Spaceport01/Spaceport-03.sm3d [a70544ad7e6d21dbf4e297ccd94e07492c4fb356943c80b931328cb1b6b713f3]
COOK Model3DAsset BuildAssets/Neris/Spaceport01/Spaceport-04.glb -> Assets/Neris/Spaceport01/Spaceport-04.sm3d [ed4771134376bf7c6a581d205e1bbfc3ccf3de7971703ef8e3c1f6990c854a1e]
COOK Model3DAsset BuildAssets/Neris/Spaceport01/Spaceport-05.glb -> Assets/Neris/Spaceport01/Spaceport-05.sm3d [3238463efadd0084bd0993981ecc8bec266da27f550e4f60a0a02e64f8c62f34]
CACHE-HIT Model3DAsset BuildAssets/Neris/Tree-0.glb -> Assets/Neris/Tree-0.sm3d [a345b67ba64217075106a5087f11be74dd19064e63cbe5cd6de899bf28a5198a]
CACHE-HIT Model3DAsset BuildAssets/Neris/Tree-1.glb -> Assets/Neris/Tree-1.sm3d [68d3d25bba02dcf008bf4d9ca55f304377866695ac7001cefa11b256387cf9e2]
Compiled D:\SMILE 2.0\tools\Character3DViewer\Character3DViewer.smileproj
Output: D:\SMILE 2.0\artifacts\studio-apron-r09-stage\Character3DViewer.exe
Published 360 project assets.
Studio publication verified: 360 runtime assets.
Built Character Viewer/editor: D:\SMILE 2.0\artifacts\studio-apron-r09-stage\Character3DViewer.exe
