Character Viewer build prerequisites and canonical identities passed preflight.
Repository JSON already matches the working save; original JSON bytes remain unchanged.
Repository JSON already matches the working save; original JSON bytes remain unchanged.
Repository JSON already matches the working save; original JSON bytes remain unchanged.
Repository JSON already matches the working save; original JSON bytes remain unchanged.
Prepared Character Viewer cooking inputs from Sin Star I: D:\SMILE 2.0\tools\Character3DViewer\BuildAssets
Packaged Arin calibration: 24 keys; SHA-256 F9EDFD6FA6DF520186E8571A089FA0D300F6D7C55893BAFDF9B899A7DCA44C61
Packaged Orin calibration: 0 keys; SHA-256 82397119FE59E854B4EC2A005DD923DDFE6F80E23C7D6243880C719AC4BA8DB6
Prepared 30 editable town model inputs.
Prepared Neris Castle M06 r002: 8 static chunks, 39 static parts, 3 hinged parts.
Dependency is up to date: D:\SMILE 2.0\libraries\Smile.Simple3D\bin\Release\Smile.Simple3D.smilelib
Dependency is up to date: D:\SMILE 2.0\libraries\Smile.UI\bin\Release\Smile.UI.smilelib
CACHE-HIT Model3DAsset BuildAssets/Earth/earth-rocks.glb -> Assets/Earth/EarthRocks.sm3d [0a6c13fa2980b256c34d204ed0b3a4482a90509a7cf212833f4940ad27fdcdc8]
CACHE-HIT Model3DAsset BuildAssets/ArinPrototype/sin-star-i-character-1-paladin-tripo-v01.original.glb -> Assets/Generation2/Arin/ArinPrototype.sm3d [0fdf863c1c9bfb97b6335345bee868e7f108eedd95a3f6f9bb59eceddb62855e]
CACHE-HIT Model3DAsset BuildAssets/ArinV56/arin-integrated-candidate-v5.6.glb -> Assets/Generation2/ArinV56/ArinV56.sm3d [ceeeff3a85951b4bf217274b07ce832159e34e7b0aa42ed872b67aab2424304f]
CACHE-HIT Model3DAsset BuildAssets/ArinV57/arin-v5.7-idle-equipment-checkpoint.glb -> Assets/Generation2/ArinV57/ArinV57.sm3d [1877c34a2b433a088a41930aecb896b7c12eb85bcae47836f1ba94e253ac250e]
CACHE-HIT Model3DAsset BuildAssets/KaelV1/kael-v1-animation-checkpoint.glb -> Assets/Generation2/KaelV1/Kael.sm3d [7550864e9606c6e69f51730551eec657d29b115726b0c861cbaad90f926d59bc]
CACHE-HIT Model3DAsset BuildAssets/MiraTripoV1/mira-animation-checkpoint.glb -> Assets/Generation2/MiraTripoV1/Mira.sm3d [ef2d3ee3fd44b9d92f86736f371669cc71be9448e614169704317dfcfcdafd0e]
CACHE-HIT Model3DAsset BuildAssets/MiraV1/mira1-animation-checkpoint.glb -> Assets/Generation2/MiraV1/Mira1.sm3d [6f672701cd6558e919711a5937b87df8348c8d3feb0306b05771b5a7162599aa]
CACHE-HIT Model3DAsset BuildAssets/MiraV2/mira2-animation-checkpoint.glb -> Assets/Generation2/MiraV2/Mira2.sm3d [a1fe57f91a19277102940322c697984cee7e83f347778c462b8f8db38be9cf18]
CACHE-HIT Model3DAsset BuildAssets/MiraV3/mira3-animation-checkpoint.glb -> Assets/Generation2/MiraV3/Mira3.sm3d [20f435e3e386d19b71ea8245f988f2438001a2802ee6d7098bbe51091a61af79]
CACHE-HIT Model3DAsset BuildAssets/OrinV13/orin-v1.3-animation-checkpoint.glb -> Assets/Generation2/OrinV13/OrinV13.sm3d [5f958bc9cbcabc0d5c0f247aacc68761a6bca00b4b7df62e81c5bd7fc14264d5]
CACHE-HIT Model3DAsset BuildAssets/RedDragon/red-dragon-v1.1-animated.glb -> Assets/Generation2/RedDragon/RedDragon.sm3d [f4d7d1709b23ac5d359674614a21cc5fbdf6fa5b3258e18a4e52d1263b945a76]
CACHE-HIT Model3DAsset BuildAssets/ValorV1/Valor-v1-animation-set.glb -> Assets/Generation2/ValorV1/Valor.sm3d [dc496f008d42e23d3cc1962c00f4957b8851667a583359f3004419310b355f74]
CACHE-HIT Model3DAsset BuildAssets/VraxV1/Vrax-v1-animation-set.glb -> Assets/Generation2/VraxV1/Vrax.sm3d [4f49c3898b85c1e02299ebab87228551555089ad66909e1c327ac1419e917752]
CACHE-HIT Model3DAsset BuildAssets/YalisV1/yalis-v1-animation-checkpoint.glb -> Assets/Generation2/YalisV1/Yalis.sm3d [3de2ddecfe9cd388f3253f4b555167e0c11a52c4a4b0d795ca69ef44b484acbf]
CACHE-HIT Model3DAsset BuildAssets/ZaraV1/Zara-v1-animation-set.glb -> Assets/Generation2/ZaraV1/Zara.sm3d [22e78c0929a5471ab3bb6554fbfbd52d0dfe0c3e59482b4c331a7dfdb863bb66]
CACHE-HIT Model3DAsset BuildAssets/Neris/Castle-00.glb -> Assets/Neris/Castle-00.sm3d [b3fcef9489a57a4a2dba19a85b64df0345c20ddcf6a2ec1f705ca9d86e6d2652]
CACHE-HIT Model3DAsset BuildAssets/Neris/Castle-01.glb -> Assets/Neris/Castle-01.sm3d [3b9069cd517fd7c744d6197e5bbb5a85a9fa6513cf11285e1c28b4952fb88bb7]
CACHE-HIT Model3DAsset BuildAssets/Neris/Castle-02.glb -> Assets/Neris/Castle-02.sm3d [12f8876a2ac3554ad09e4caae39e40e90e00b12fe015f47abb5d388e186a96b4]
CACHE-HIT Model3DAsset BuildAssets/Neris/Castle-03.glb -> Assets/Neris/Castle-03.sm3d [41bf45ab0403c146b95b9b5899b0d651c1602af7c5582ebdd5f66cc19772af55]
CACHE-HIT Model3DAsset BuildAssets/Neris/Castle-04.glb -> Assets/Neris/Castle-04.sm3d [04360b6ffb2015264cd992f055d7256d6912cac132c8b0899a07b246268384b2]
CACHE-HIT Model3DAsset BuildAssets/Neris/Castle-05.glb -> Assets/Neris/Castle-05.sm3d [e5c643d22501b16d3c88fd282c5aa127114c9d1172243320e0e0ee5ce42e25ee]
CACHE-HIT Model3DAsset BuildAssets/Neris/Castle-06.glb -> Assets/Neris/Castle-06.sm3d [60a71c1f99488bdfa44e03fff9efb0ae5026df886d8a4f8399b145221be1f92b]
CACHE-HIT Model3DAsset BuildAssets/Neris/Castle-07.glb -> Assets/Neris/Castle-07.sm3d [b332b9d2bc55d5b334b156d884f68560e1fc195adcaf6a045dd06d4d0fefd418]
CACHE-HIT Model3DAsset BuildAssets/Neris/Castle-08.glb -> Assets/Neris/Castle-08.sm3d [c686c0fa416443486c161010a72fb3377dfc9d30dcb5b50c96438cc9c83b031b]
CACHE-HIT Model3DAsset BuildAssets/Neris/Castle-09.glb -> Assets/Neris/Castle-09.sm3d [d5128e34d616857858b792494ffb38af816423b45bd33eaec20a3af623bab589]
CACHE-HIT Model3DAsset BuildAssets/Neris/Castle-10.glb -> Assets/Neris/Castle-10.sm3d [d1e2f488128e96f3d3e8155c09bf4bce30aab5bdad149c64b55dcef630faaad8]
CACHE-HIT Model3DAsset BuildAssets/Neris/Castle-11.glb -> Assets/Neris/Castle-11.sm3d [1d02c758da2f93cf3bb4914b39cc91d66cb475799b025b08e630d052bcf02a9e]
CACHE-HIT Model3DAsset BuildAssets/Neris/Castle-12.glb -> Assets/Neris/Castle-12.sm3d [90601a3123791247c8ca4e2f8571e04bd7f566079398c3974ac7971482092750]
CACHE-HIT Model3DAsset BuildAssets/Neris/Castle-13.glb -> Assets/Neris/Castle-13.sm3d [2d35bd0878194af73535c37eb2551d9b92914d9d211ec50b24bb4e32934bc300]
CACHE-HIT Model3DAsset BuildAssets/Neris/CastleV1/castle-00.glb -> Assets/Neris/CastleV1/Castle-00.sm3d [d796152e62a0fc182f7cb2c4c96c620e7e5644feafcbf546d3f977e73a13982a]
CACHE-HIT Model3DAsset BuildAssets/Neris/CastleV1/castle-01.glb -> Assets/Neris/CastleV1/Castle-01.sm3d [071985d838bcc34d16043c87756a5db5cf46f0372a85730038e95b1df63d0cc1]
CACHE-HIT Model3DAsset BuildAssets/Neris/CastleV1/castle-02.glb -> Assets/Neris/CastleV1/Castle-02.sm3d [8a724c6a02c46e3358d1103343e379ecd35be07a2838d5c25de482bf1a654340]
CACHE-HIT Model3DAsset BuildAssets/Neris/CastleV1/castle-03.glb -> Assets/Neris/CastleV1/Castle-03.sm3d [53a5c549bb4d570913ff33d452ed0b11e0e08f24d49a6e1794da13e27d006b26]
CACHE-HIT Model3DAsset BuildAssets/Neris/CastleV1/castle-04.glb -> Assets/Neris/CastleV1/Castle-04.sm3d [039354f3c9ecb4a4cd9bcb7ee8675fa1c0ed4e25779e5c43da367a9d172eba7e]
CACHE-HIT Model3DAsset BuildAssets/Neris/CastleV1/castle-05.glb -> Assets/Neris/CastleV1/Castle-05.sm3d [55418fbd09ce0329748daadfe9bdb0bc9f88fe217351ab5f07b04f9b5c04a1dc]
CACHE-HIT Model3DAsset BuildAssets/Neris/CastleV1/castle-06.glb -> Assets/Neris/CastleV1/Castle-06.sm3d [55a6e0c88e8b47440c9cc348e0424601c52e8be2ce1eed1aed28667bbff4309d]
CACHE-HIT Model3DAsset BuildAssets/Neris/CastleV1/castle-07.glb -> Assets/Neris/CastleV1/Castle-07.sm3d [b3590f37b4a4b5ff972274d65d1715b06d2bff5a4fe2f4e06e32e85f4e4bba69]
CACHE-HIT Model3DAsset BuildAssets/Neris/CastleV1/drawbridge.glb -> Assets/Neris/CastleV1/Drawbridge.sm3d [cb0758454c7cfbaabe12c535776f570a42897670eea088f415da53c89ccffef5]
CACHE-HIT Model3DAsset BuildAssets/Neris/Catalog/Catalog-00.glb -> Assets/Neris/Catalog/Catalog-00.sm3d [b863981a1c392e4b34ffad663d6a961d283e5090c501d3fca0cb59ce55a9c8da]
CACHE-HIT Model3DAsset BuildAssets/Neris/Catalog/Catalog-01.glb -> Assets/Neris/Catalog/Catalog-01.sm3d [0894737f597375f1a622d276fc612a10e76be648de2101e3080d093938fa5274]
CACHE-HIT Model3DAsset BuildAssets/Neris/Catalog/Catalog-02.glb -> Assets/Neris/Catalog/Catalog-02.sm3d [66757a35b729b63d463b343425f285ec9e3758f1432962504f4fb2b9bae001da]
CACHE-HIT Model3DAsset BuildAssets/Neris/Catalog/Catalog-03.glb -> Assets/Neris/Catalog/Catalog-03.sm3d [02580895f2a438b45e906870c7f30e0ed28dad7f5ce97d88d9c8c1fa5484586e]
CACHE-HIT Model3DAsset BuildAssets/Neris/Catalog/Catalog-04.glb -> Assets/Neris/Catalog/Catalog-04.sm3d [d626d7a2b4a71f7b957e254bc01c42d73e06ba299ae7bd0136bb1cf4abbeb8d6]
CACHE-HIT Model3DAsset BuildAssets/Neris/Catalog/Catalog-05.glb -> Assets/Neris/Catalog/Catalog-05.sm3d [c0796ad00c2e0402021767716cf3eaa4d2a8297d4e2c05f5b243364ed722b0e8]
CACHE-HIT Model3DAsset BuildAssets/Neris/Catalog/Catalog-06.glb -> Assets/Neris/Catalog/Catalog-06.sm3d [69a4e08fe1f96dd479e08f5dc9758b27a36e72fdca46bd97e2b9c83e50c3348b]
CACHE-HIT Model3DAsset BuildAssets/Neris/Catalog/Catalog-07.glb -> Assets/Neris/Catalog/Catalog-07.sm3d [dced03692f6b48d796c5654c7e5ab930e46dd4eb6dbeb4b05d05fdebf2d79ce4]
CACHE-HIT Model3DAsset BuildAssets/Neris/Catalog/Catalog-08.glb -> Assets/Neris/Catalog/Catalog-08.sm3d [03373e34bec5925d0d633890643a690b2d5b8032dd6d8bc2da5e34cefe6862d5]
CACHE-HIT Model3DAsset BuildAssets/Neris/Catalog/Catalog-09.glb -> Assets/Neris/Catalog/Catalog-09.sm3d [35bfbb197956b986f91eb40456ea08f4b5d4a29078c01f8c31f8e16c6ee46255]
CACHE-HIT Model3DAsset BuildAssets/Neris/Catalog/Catalog-10.glb -> Assets/Neris/Catalog/Catalog-10.sm3d [7d6a907427ed06afb9968621ee8846022899de01a9ed928d87a567d0c55addd8]
CACHE-HIT Model3DAsset BuildAssets/Neris/Catalog/Catalog-11.glb -> Assets/Neris/Catalog/Catalog-11.sm3d [6761a7f992c1649bcf6c646a664bcf008e751d170d29743596df7d6733fbe9aa]
CACHE-HIT Model3DAsset BuildAssets/Neris/Catalog/Catalog-12.glb -> Assets/Neris/Catalog/Catalog-12.sm3d [65d4ddb9d55d780756e6455600c9c4229c13e3648b48bca12f22b474807273b0]
CACHE-HIT Model3DAsset BuildAssets/Neris/Catalog/Catalog-13.glb -> Assets/Neris/Catalog/Catalog-13.sm3d [4482c5ee93a66d02f83975259d480d9131618faa8a0e1280213929764c08f4fa]
CACHE-HIT Model3DAsset BuildAssets/Neris/Catalog/Catalog-14.glb -> Assets/Neris/Catalog/Catalog-14.sm3d [4474e8b3b022369bcea37b13c539c200f0a19309327a3bc3e3086ae1b3f85603]
CACHE-HIT Model3DAsset BuildAssets/Neris/Catalog/Catalog-15.glb -> Assets/Neris/Catalog/Catalog-15.sm3d [a29e3fa8f4b8fe93b07b4674fbf718ae76e47116ed1fc3e408042e0b8cf043db]
CACHE-HIT Model3DAsset BuildAssets/Neris/Catalog/Catalog-16.glb -> Assets/Neris/Catalog/Catalog-16.sm3d [f3e4a1b8134c491c74b9a72451d61bc8cd4c7f6f293baec63d4820442df84b0c]
CACHE-HIT Model3DAsset BuildAssets/Neris/Catalog/Catalog-17.glb -> Assets/Neris/Catalog/Catalog-17.sm3d [2bdbd9285a6be7c5b33847ad6b440a89d60bb8faeb2b5324f2a2149ad51d0710]
CACHE-HIT Model3DAsset BuildAssets/Neris/Catalog/Catalog-18.glb -> Assets/Neris/Catalog/Catalog-18.sm3d [34935f6c1516053c653fdf53fb7e6f93f925ef1f758a4c2481ecdf4b6abf4a26]
CACHE-HIT Model3DAsset BuildAssets/Neris/Catalog/Catalog-19.glb -> Assets/Neris/Catalog/Catalog-19.sm3d [3bc474ee0950b71eb8d4fab1c5939f9a7f192ab2bfc5a49e85e08576abf0a7bf]
CACHE-HIT Model3DAsset BuildAssets/Neris/Catalog/Catalog-20.glb -> Assets/Neris/Catalog/Catalog-20.sm3d [1d92aeb1ad9747dcfdf7e907d870e7a39972658cd64f3ef66049bbe3f43e828d]
CACHE-HIT Model3DAsset BuildAssets/Neris/Catalog/Catalog-21.glb -> Assets/Neris/Catalog/Catalog-21.sm3d [f280b4cce86e797f1a5158c4cc0bf5c79e00a7ff8ca93436dfe6ab9b92ed1748]
CACHE-HIT Model3DAsset BuildAssets/Neris/Catalog/Catalog-22.glb -> Assets/Neris/Catalog/Catalog-22.sm3d [51cc6dab16ae67156fa2cb7ee935c148b04a5660bfbf616c189ece3504ef9025]
CACHE-HIT Model3DAsset BuildAssets/Neris/Catalog/Catalog-23.glb -> Assets/Neris/Catalog/Catalog-23.sm3d [375226478e1fe75111117351de091801cd46e4ab86aeef2345e7f4376eeac2c6]
CACHE-HIT Model3DAsset BuildAssets/Neris/Catalog/Catalog-24.glb -> Assets/Neris/Catalog/Catalog-24.sm3d [0fd5a7717da616e131d35664c1ad997be65696539f2b2c0e5faf531ef3a3b84d]
CACHE-HIT Model3DAsset BuildAssets/Neris/Catalog/Catalog-25.glb -> Assets/Neris/Catalog/Catalog-25.sm3d [e934e1a4d619a4f534eed6cd0525b629f1943f3580d8562f27c8e66b6ae0d614]
CACHE-HIT Model3DAsset BuildAssets/Neris/Catalog/Catalog-26.glb -> Assets/Neris/Catalog/Catalog-26.sm3d [6515e144f57004708f321b2377227b256d0b51cfbb80bbd325266f307351cad3]
CACHE-HIT Model3DAsset BuildAssets/Neris/Catalog/Catalog-27.glb -> Assets/Neris/Catalog/Catalog-27.sm3d [936ec96976574684bd18843ac82a34f04ad68f5c7c685ad2d032819f60b3c89b]
CACHE-HIT Model3DAsset BuildAssets/Neris/Catalog/Catalog-28.glb -> Assets/Neris/Catalog/Catalog-28.sm3d [932fb9403a7a55c16ab374bd0071a372dde75f3ff718d230750f70a2ac2689e2]
CACHE-HIT Model3DAsset BuildAssets/Neris/Catalog/Catalog-29.glb -> Assets/Neris/Catalog/Catalog-29.sm3d [eec27cb1ff05aa40109ddead3417e3791c1b7aab55e1422ad3ed68dd7812908a]
CACHE-HIT Model3DAsset BuildAssets/Neris/Door-Leaves.glb -> Assets/Neris/Door-Leaves.sm3d [99980f0d0d1bce5f2df01ddb106f7b83eed471c90de73917b2668ae872c42921]
CACHE-HIT Model3DAsset BuildAssets/Neris/Flowers.glb -> Assets/Neris/Flowers.sm3d [8af3e32a46f33bc2c2037ba93ec2f5cbf70e0bf33b22804b15c6f94c003881de]
CACHE-HIT Model3DAsset BuildAssets/Neris/Leaf.glb -> Assets/Neris/Leaf.sm3d [08b79eb1ba786b891150f5ae8aed2b50cf694810712ed1811daa7a1f4436be19]
CACHE-HIT Model3DAsset BuildAssets/Neris/Neris-00.glb -> Assets/Neris/Neris-00.sm3d [95446108fd64056e48c8d705e3bbaf21be2756fcfb06062581019bcc4529ef27]
CACHE-HIT Model3DAsset BuildAssets/Neris/Neris-01.glb -> Assets/Neris/Neris-01.sm3d [8370c40bff722ea24ac398b2d04132b1d5408d3a3cfd1df3c0cfbdc7e92594b2]
CACHE-HIT Model3DAsset BuildAssets/Neris/Neris-02.glb -> Assets/Neris/Neris-02.sm3d [400a3bcc7f81cccc5ec16e5b4245d9781ad898b1a1db36104b3cb65ef8f2a1d1]
CACHE-HIT Model3DAsset BuildAssets/Neris/Neris-03.glb -> Assets/Neris/Neris-03.sm3d [09e73a032e035e78798057501d65159a89f65245e185185641bacee85daa3112]
CACHE-HIT Model3DAsset BuildAssets/Neris/Neris-04.glb -> Assets/Neris/Neris-04.sm3d [0d3faac23ca86af63dbe674a316a4785dbe4e2bb1c94329762beb8388f6b1aa5]
CACHE-HIT Model3DAsset BuildAssets/Neris/Neris-05.glb -> Assets/Neris/Neris-05.sm3d [9f4b8021b243ad0688be707361ef30da28d5284479ebe040b8f5825c6ba88cd8]
CACHE-HIT Model3DAsset BuildAssets/Neris/Neris-06.glb -> Assets/Neris/Neris-06.sm3d [890c39900c625b1814d7bcdf3a4e857d61756d51252b499e14717186b7e5e6e9]
CACHE-HIT Model3DAsset BuildAssets/Neris/Neris-07.glb -> Assets/Neris/Neris-07.sm3d [edcba57969cd1add4fa8c6eaf8dd389c46014baae0514adf96dde8d420c89df1]
CACHE-HIT Model3DAsset BuildAssets/Neris/Neris-08.glb -> Assets/Neris/Neris-08.sm3d [0a566cd30b3e05cde6b2bc9763277826491697ceec455a61414af67d41dbfad0]
CACHE-HIT Model3DAsset BuildAssets/Neris/Neris-09.glb -> Assets/Neris/Neris-09.sm3d [c2321fb548ef4663ed9128a426e4d60d16ea7c7ea7249e030e82703a826b9f3f]
CACHE-HIT Model3DAsset BuildAssets/Neris/Neris-10.glb -> Assets/Neris/Neris-10.sm3d [3d70dedccb9a58615d6fb74d633ad0ccec488290a39a34f27c0dd3cf8f2d5736]
CACHE-HIT Model3DAsset BuildAssets/Neris/Neris-11.glb -> Assets/Neris/Neris-11.sm3d [2656a37e930e497a08cc6c279cdd7e1d7b90e90d9f09ab36b527fd1956c9e63b]
CACHE-HIT Model3DAsset BuildAssets/Neris/Neris-12.glb -> Assets/Neris/Neris-12.sm3d [a8a71ea29295ba22ead66454ce8c9b1ae7a977f7e31c41645f41f3f64921dcfb]
CACHE-HIT Model3DAsset BuildAssets/Neris/Neris-13.glb -> Assets/Neris/Neris-13.sm3d [7d610cf3ce5eff713bc7ed1a5016cf3ce69a61b684d06166f543caa7ae6c1d35]
CACHE-HIT Model3DAsset BuildAssets/Neris/Neris-14.glb -> Assets/Neris/Neris-14.sm3d [7e66818a9c1c07b69ed6e86a14eb5845d0d0f1d455fd37a04a8a311225bf81c0]
CACHE-HIT Model3DAsset BuildAssets/Neris/Neris-15.glb -> Assets/Neris/Neris-15.sm3d [afa0941b087eb5245107f0f5638ac025ce55f3448e34f5ca2e7b0281e452ab77]
CACHE-HIT Model3DAsset BuildAssets/Neris/Neris-16.glb -> Assets/Neris/Neris-16.sm3d [85cc4b768b92ca5543212a18663f357c3e8378b3c637ef5b968d11fa37204110]
CACHE-HIT Model3DAsset BuildAssets/Neris/Neris-17.glb -> Assets/Neris/Neris-17.sm3d [e8197541ad149ea69004ef72f26c0f780a5a9a640093c25577fa5329930b57f8]
CACHE-HIT Model3DAsset BuildAssets/Neris/Neris-18.glb -> Assets/Neris/Neris-18.sm3d [c6ac65e96c038502543bb0937ba0b629a4d3cc9c0b887dfb692512f7aabaacca]
CACHE-HIT Model3DAsset BuildAssets/Neris/Neris-19.glb -> Assets/Neris/Neris-19.sm3d [675eddb69ead455cfcebbf559952bffb9db93131e4a2aba7af5f3ec001c3c51e]
CACHE-HIT Model3DAsset BuildAssets/Neris/Neris-20.glb -> Assets/Neris/Neris-20.sm3d [311f788485fe6f8b41160cb28875a19d3c9b0ccd7d2726bd2e733717bb328137]
CACHE-HIT Model3DAsset BuildAssets/Neris/Neris-21.glb -> Assets/Neris/Neris-21.sm3d [a158be29fb2a235a1d6ffbf32f5ff55bf6bfc0f5f156b526d5c1e39438930775]
CACHE-HIT Model3DAsset BuildAssets/Neris/Neris-22.glb -> Assets/Neris/Neris-22.sm3d [4f9309d4c7aa61d2f6cd72deca6a7a90c4749bb24d278c340583218dc9c3361f]
CACHE-HIT Model3DAsset BuildAssets/Neris/Neris-23.glb -> Assets/Neris/Neris-23.sm3d [557d7bc6b8af525e0e7ab598b023433b128d6d4aa0c787d0046b9afd05cf83d1]
CACHE-HIT Model3DAsset BuildAssets/Neris/Neris-24.glb -> Assets/Neris/Neris-24.sm3d [08f79951c47a855497adc79284891c503f1634034a172739235a50dbb6e83d62]
CACHE-HIT Model3DAsset BuildAssets/Neris/Neris-25.glb -> Assets/Neris/Neris-25.sm3d [b55ae9bc1332b349a0a267f022538b3cc18ce7631a0b416930c5bd483b875103]
CACHE-HIT Model3DAsset BuildAssets/Neris/Neris-26.glb -> Assets/Neris/Neris-26.sm3d [7f8743306f3355b13991b64845fdfa2b4dabaa0455dd74f5ef487050aaf8cc10]
CACHE-HIT Model3DAsset BuildAssets/Neris/Neris-27.glb -> Assets/Neris/Neris-27.sm3d [25a98cd96a7d64cdfea121b1e4d2feed9f10cefd36d5dd7d0a80dd4953507ca5]
CACHE-HIT Model3DAsset BuildAssets/Neris/Neris-28.glb -> Assets/Neris/Neris-28.sm3d [dfd6c79c71f575465c2accbd32ca15ff396f982cbc0a192ad0589e7959084683]
CACHE-HIT Model3DAsset BuildAssets/Neris/Neris-29.glb -> Assets/Neris/Neris-29.sm3d [77c53469a3a82fffbec69d3ea2d626efefe02494b91c0dd752ce38bb86bfaee2]
CACHE-HIT Model3DAsset BuildAssets/Neris/Neris-30.glb -> Assets/Neris/Neris-30.sm3d [cf3958f48f5faf699c9b61a05f8a9ed81c360ef8c279f35a2919af900586cb47]
CACHE-HIT Model3DAsset BuildAssets/Neris/Neris-31.glb -> Assets/Neris/Neris-31.sm3d [775de4092366c2b0c0ff70da712510bfc75dbc1f359768d8cbed23d9b9e42bd2]
CACHE-HIT Model3DAsset BuildAssets/Neris/Neris-32.glb -> Assets/Neris/Neris-32.sm3d [8d902ee14d604d4ac2c312ab7c669160c7db6750c86fd2b919fa013265b32c02]
CACHE-HIT Model3DAsset BuildAssets/Neris/Neris-33.glb -> Assets/Neris/Neris-33.sm3d [56a3f90b34ef01b019e0a5d3b6acbbbb319e23a4ecf599668ecf87714b530b79]
CACHE-HIT Model3DAsset BuildAssets/Neris/Neris-34.glb -> Assets/Neris/Neris-34.sm3d [55ffffc2395ecef998b0ba63b7e304538c955a4d166753d1e02dd786cb23a439]
CACHE-HIT Model3DAsset BuildAssets/Neris/Neris-35.glb -> Assets/Neris/Neris-35.sm3d [e78294a3de2c3ecbb36317541aa4b8d32798325da61b33c58126211541e4b065]
CACHE-HIT Model3DAsset BuildAssets/Neris/Neris-36.glb -> Assets/Neris/Neris-36.sm3d [ed1a8477b60fddc3c187c6f6285f1b59db2b86c68ce77934d270d3e14c56ae22]
CACHE-HIT Model3DAsset BuildAssets/Neris/Party/Arin.glb -> Assets/Neris/Party/Arin.sm3d [f07553bb33f5669ebda506f7b5647859310996ef56a1ef80ea5fe164133068c4]
CACHE-HIT Model3DAsset BuildAssets/Neris/Party/Mira.glb -> Assets/Neris/Party/Mira.sm3d [d86ce17e50dbf53bbdfd906987259a22180d68840d34acaf37846c2266eab8e3]
CACHE-HIT Model3DAsset BuildAssets/Neris/Party/Orin.glb -> Assets/Neris/Party/Orin.sm3d [ddb138cdf221118d8bd75b4ccc15b59939cf1a6bcb0df2801a2b851b178b5005]
CACHE-HIT Model3DAsset BuildAssets/Neris/Party/Zara.glb -> Assets/Neris/Party/Zara.sm3d [30e3344307f180d8543f5a388bf3b9ac81ddf8c333ae5e8b7b95b58f438f38bf]
CACHE-HIT Model3DAsset BuildAssets/Neris/Tree-0.glb -> Assets/Neris/Tree-0.sm3d [a345b67ba64217075106a5087f11be74dd19064e63cbe5cd6de899bf28a5198a]
CACHE-HIT Model3DAsset BuildAssets/Neris/Tree-1.glb -> Assets/Neris/Tree-1.sm3d [68d3d25bba02dcf008bf4d9ca55f304377866695ac7001cefa11b256387cf9e2]
Compiled D:\SMILE 2.0\tools\Character3DViewer\Character3DViewer.smileproj
Output: D:\SMILE 2.0\tools\Character3DViewer\bin\Release\Character3DViewer.exe
Published 310 project assets.
Built Character Viewer/editor: D:\SMILE 2.0\tools\Character3DViewer\bin\Release\Character3DViewer.exe
Working calibration is synchronized or has newer editor changes; no restore needed.
Working calibration is synchronized or has newer editor changes; no restore needed.
Launched Character Viewer/editor process 88448: D:\SMILE 2.0\tools\Character3DViewer\bin\Release\Character3DViewer.exe
