00:01.219  blend            | Read blend: "D:\Projects\Sin-Star-I-Assets\Neris-Castle\source\neris-castle-M06-r005.blend"
INFO Draco is available, use library at C:\Program Files\Blender Foundation\Blender 5.2\5.2\scripts\addons_core\io_scene_gltf2\bf_intern_draco_bridge.dll
INFO MeshOptimizer is available, use library at C:\Program Files\Blender Foundation\Blender 5.2\5.2\scripts\addons_core\io_scene_gltf2\bf_intern_meshopt_bridge.dll
14:10:06 | INFO: Starting glTF 2.0 export
14:10:06 | INFO: Extracting primitive: NC.Export.Bridge.BridgeTimber
14:10:06 | INFO: Primitives created: 1
14:10:06 | INFO: Extracting primitive: NC.Export.Bridge.CrystalBlue
14:10:06 | INFO: Primitives created: 1
14:10:06 | INFO: Extracting primitive: NC.Export.Bridge.DarkIron
14:10:06 | INFO: Primitives created: 1
14:10:06 | INFO: Extracting primitive: NC.Export.Bridge.IvoryStone
14:10:06 | INFO: Primitives created: 1
14:10:06 | INFO: Extracting primitive: NC.Export.Bridge.PolishedBrass
14:10:06 | INFO: Primitives created: 1
14:10:06 | INFO: Extracting primitive: NC.Export.Bridge.RoyalDoor
14:10:06 | INFO: Primitives created: 1
14:10:06 | INFO: Extracting primitive: NC.Export.Bridge.RoyalGold
14:10:06 | INFO: Primitives created: 1
14:10:06 | INFO: Extracting primitive: NC.Export.Courtyard.BridgeTimber
14:10:06 | INFO: Primitives created: 1
14:10:06 | INFO: Extracting primitive: NC.Export.Courtyard.CrystalBlue
14:10:06 | INFO: Primitives created: 1
14:10:06 | INFO: Extracting primitive: NC.Export.Courtyard.Cypress0.00
14:10:06 | INFO: Primitives created: 1
14:10:06 | INFO: Extracting primitive: NC.Export.Courtyard.Cypress0.01
14:10:06 | INFO: Primitives created: 1
14:10:06 | INFO: Extracting primitive: NC.Export.Courtyard.Cypress0.02
14:10:06 | INFO: Primitives created: 1
14:10:06 | INFO: Extracting primitive: NC.Export.Courtyard.Cypress1.00
14:10:06 | INFO: Primitives created: 1
14:10:06 | INFO: Extracting primitive: NC.Export.Courtyard.Cypress1.01
14:10:06 | INFO: Primitives created: 1
14:10:06 | INFO: Extracting primitive: NC.Export.Courtyard.Cypress1.02
14:10:06 | INFO: Primitives created: 1
14:10:06 | INFO: Extracting primitive: NC.Export.Courtyard.Cypress2.00
14:10:06 | INFO: Primitives created: 1
14:10:06 | INFO: Extracting primitive: NC.Export.Courtyard.Cypress2.01
14:10:06 | INFO: Primitives created: 1
14:10:06 | INFO: Extracting primitive: NC.Export.Courtyard.Cypress2.02
14:10:06 | INFO: Primitives created: 1
14:10:06 | INFO: Extracting primitive: NC.Export.Courtyard.DarkIron
14:10:06 | INFO: Primitives created: 1
14:10:06 | INFO: Extracting primitive: NC.Export.Courtyard.FlowerIvory
14:10:06 | INFO: Primitives created: 1
14:10:06 | INFO: Extracting primitive: NC.Export.Courtyard.FlowerRose
14:10:06 | INFO: Primitives created: 1
14:10:06 | INFO: Extracting primitive: NC.Export.Courtyard.FlowerViolet
14:10:06 | INFO: Primitives created: 1
14:10:06 | INFO: Extracting primitive: NC.Export.Courtyard.GardenWood
14:10:06 | INFO: Primitives created: 1
14:10:06 | INFO: Extracting primitive: NC.Export.Courtyard.IvoryStone.00
14:10:06 | INFO: Primitives created: 1
14:10:06 | INFO: Extracting primitive: NC.Export.Courtyard.IvoryStone.01
14:10:06 | INFO: Primitives created: 1
14:10:06 | INFO: Extracting primitive: NC.Export.Courtyard.LampGlow
14:10:06 | INFO: Primitives created: 1
14:10:06 | INFO: Extracting primitive: NC.Export.Courtyard.PathStone
14:10:06 | INFO: Primitives created: 1
14:10:06 | INFO: Extracting primitive: NC.Export.Courtyard.PolishedBrass.00
14:10:06 | INFO: Primitives created: 1
14:10:06 | INFO: Extracting primitive: NC.Export.Courtyard.PolishedBrass.01
14:10:06 | INFO: Primitives created: 1
14:10:06 | INFO: Extracting primitive: NC.Export.Courtyard.RoyalGold
14:10:06 | INFO: Primitives created: 1
14:10:06 | INFO: Extracting primitive: NC.Export.Courtyard.TealRoof
14:10:06 | INFO: Primitives created: 1
14:10:06 | INFO: Extracting primitive: NC.Export.DoorEast.PolishedBrass
14:10:06 | INFO: Primitives created: 1
14:10:06 | INFO: Extracting primitive: NC.Export.DoorEast.RoyalDoor
14:10:06 | INFO: Primitives created: 1
14:10:06 | INFO: Extracting primitive: NC.Export.DoorEast.RoyalGold
14:10:06 | INFO: Primitives created: 1
14:10:06 | INFO: Extracting primitive: NC.Export.DoorWest.PolishedBrass
14:10:06 | INFO: Primitives created: 1
14:10:06 | INFO: Extracting primitive: NC.Export.DoorWest.RoyalDoor
14:10:06 | INFO: Primitives created: 1
14:10:06 | INFO: Extracting primitive: NC.Export.DoorWest.RoyalGold
14:10:06 | INFO: Primitives created: 1
14:10:06 | INFO: Extracting primitive: NC.Export.Fortifications.BannerTeal
14:10:06 | INFO: Primitives created: 1
14:10:06 | INFO: Extracting primitive: NC.Export.Fortifications.CrystalBlue
14:10:06 | INFO: Primitives created: 1
14:10:06 | INFO: Extracting primitive: NC.Export.Fortifications.DarkIron
14:10:06 | INFO: Primitives created: 1
14:10:06 | INFO: Extracting primitive: NC.Export.Fortifications.IvoryStone.00
14:10:06 | INFO: Primitives created: 1
14:10:06 | INFO: Extracting primitive: NC.Export.Fortifications.IvoryStone.01
14:10:06 | INFO: Primitives created: 1
14:10:06 | INFO: Extracting primitive: NC.Export.Fortifications.IvoryStone.02
14:10:06 | INFO: Primitives created: 1
14:10:06 | INFO: Extracting primitive: NC.Export.Fortifications.IvoryStone.03
14:10:07 | INFO: Primitives created: 1
14:10:07 | INFO: Extracting primitive: NC.Export.Fortifications.IvoryStone.04
14:10:07 | INFO: Primitives created: 1
14:10:07 | INFO: Extracting primitive: NC.Export.Fortifications.IvoryStone.05
14:10:07 | INFO: Primitives created: 1
14:10:07 | INFO: Extracting primitive: NC.Export.Fortifications.IvoryStone.06
14:10:07 | INFO: Primitives created: 1
14:10:07 | INFO: Extracting primitive: NC.Export.Fortifications.IvoryStone.07
14:10:07 | INFO: Primitives created: 1
14:10:07 | INFO: Extracting primitive: NC.Export.Fortifications.IvoryStone.08
14:10:07 | INFO: Primitives created: 1
14:10:07 | INFO: Extracting primitive: NC.Export.Fortifications.Masonry
14:10:07 | INFO: Primitives created: 1
14:10:07 | INFO: Extracting primitive: NC.Export.Fortifications.PolishedBrass
14:10:07 | INFO: Primitives created: 1
14:10:07 | INFO: Extracting primitive: NC.Export.Fortifications.RoyalGlass
14:10:07 | INFO: Primitives created: 1
14:10:07 | INFO: Extracting primitive: NC.Export.Fortifications.RoyalGold.00
14:10:07 | INFO: Primitives created: 1
14:10:07 | INFO: Extracting primitive: NC.Export.Fortifications.RoyalGold.01
14:10:07 | INFO: Primitives created: 1
14:10:07 | INFO: Extracting primitive: NC.Export.Fortifications.RoyalGold.02
14:10:07 | INFO: Primitives created: 1
14:10:07 | INFO: Extracting primitive: NC.Export.Fortifications.TealRoof
14:10:07 | INFO: Primitives created: 1
14:10:07 | INFO: Extracting primitive: NC.Export.FountainWater.FountainStream
14:10:07 | INFO: Primitives created: 1
14:10:07 | INFO: Extracting primitive: NC.Export.FountainWater.IvoryStone
14:10:07 | INFO: Primitives created: 1
14:10:07 | INFO: Extracting primitive: NC.Export.FountainWater.Moat
14:10:07 | INFO: Primitives created: 1
14:10:07 | INFO: Extracting primitive: NC.Export.Gatehouse.BannerTeal
14:10:07 | INFO: Primitives created: 1
14:10:07 | INFO: Extracting primitive: NC.Export.Gatehouse.CrystalBlue
14:10:07 | INFO: Primitives created: 1
14:10:07 | INFO: Extracting primitive: NC.Export.Gatehouse.DarkIron
14:10:07 | INFO: Primitives created: 1
14:10:07 | INFO: Extracting primitive: NC.Export.Gatehouse.IvoryStone.00
14:10:07 | INFO: Primitives created: 1
14:10:07 | INFO: Extracting primitive: NC.Export.Gatehouse.IvoryStone.01
14:10:07 | INFO: Primitives created: 1
14:10:07 | INFO: Extracting primitive: NC.Export.Gatehouse.LampGlow
14:10:07 | INFO: Primitives created: 1
14:10:07 | INFO: Extracting primitive: NC.Export.Gatehouse.Masonry
14:10:07 | INFO: Primitives created: 1
14:10:07 | INFO: Extracting primitive: NC.Export.Gatehouse.RoyalGlass
14:10:07 | INFO: Primitives created: 1
14:10:07 | INFO: Extracting primitive: NC.Export.Gatehouse.RoyalGold.00
14:10:07 | INFO: Primitives created: 1
14:10:07 | INFO: Extracting primitive: NC.Export.Gatehouse.RoyalGold.01
14:10:07 | INFO: Primitives created: 1
14:10:07 | INFO: Extracting primitive: NC.Export.Gatehouse.TealRoof
14:10:07 | INFO: Primitives created: 1
14:10:07 | INFO: Extracting primitive: NC.Export.Palace.BannerTeal
14:10:07 | INFO: Primitives created: 1
14:10:07 | INFO: Extracting primitive: NC.Export.Palace.CrystalBlue
14:10:07 | INFO: Primitives created: 1
14:10:07 | INFO: Extracting primitive: NC.Export.Palace.Cypress1
14:10:07 | INFO: Primitives created: 1
14:10:07 | INFO: Extracting primitive: NC.Export.Palace.DarkIron
14:10:07 | INFO: Primitives created: 1
14:10:07 | INFO: Extracting primitive: NC.Export.Palace.FlowerIvory
14:10:07 | INFO: Primitives created: 1
14:10:07 | INFO: Extracting primitive: NC.Export.Palace.FlowerRose
14:10:07 | INFO: Primitives created: 1
14:10:07 | INFO: Extracting primitive: NC.Export.Palace.FlowerViolet
14:10:07 | INFO: Primitives created: 1
14:10:07 | INFO: Extracting primitive: NC.Export.Palace.IvoryStone.00
14:10:07 | INFO: Primitives created: 1
14:10:07 | INFO: Extracting primitive: NC.Export.Palace.IvoryStone.01
14:10:07 | INFO: Primitives created: 1
14:10:07 | INFO: Extracting primitive: NC.Export.Palace.IvoryStone.02
14:10:07 | INFO: Primitives created: 1
14:10:07 | INFO: Extracting primitive: NC.Export.Palace.IvoryStone.03
14:10:07 | INFO: Primitives created: 1
14:10:07 | INFO: Extracting primitive: NC.Export.Palace.IvoryStone.04
14:10:07 | INFO: Primitives created: 1
14:10:07 | WARNING: Mesh NC.Export.Palace.IvoryStone.05 is not valid, and may be exported wrongly
14:10:07 | INFO: Extracting primitive: NC.Export.Palace.IvoryStone.05
14:10:07 | INFO: Primitives created: 1
14:10:07 | INFO: Extracting primitive: NC.Export.Palace.IvoryStone.06
14:10:07 | INFO: Primitives created: 1
14:10:07 | INFO: Extracting primitive: NC.Export.Palace.LampGlow
14:10:07 | INFO: Primitives created: 1
14:10:07 | INFO: Extracting primitive: NC.Export.Palace.Masonry
14:10:07 | INFO: Primitives created: 1
14:10:07 | INFO: Extracting primitive: NC.Export.Palace.PolishedBrass
14:10:07 | INFO: Primitives created: 1
14:10:07 | INFO: Extracting primitive: NC.Export.Palace.RoyalDoor
14:10:07 | INFO: Primitives created: 1
14:10:07 | INFO: Extracting primitive: NC.Export.Palace.RoyalGlass
14:10:07 | INFO: Primitives created: 1
14:10:07 | INFO: Extracting primitive: NC.Export.Palace.RoyalGold.00
14:10:07 | INFO: Primitives created: 1
14:10:07 | INFO: Extracting primitive: NC.Export.Palace.RoyalGold.01
14:10:07 | INFO: Primitives created: 1
14:10:07 | INFO: Extracting primitive: NC.Export.Palace.RoyalGold.02
14:10:07 | INFO: Primitives created: 1
14:10:07 | INFO: Extracting primitive: NC.Export.Palace.RoyalGold.03
14:10:07 | INFO: Primitives created: 1
14:10:07 | INFO: Extracting primitive: NC.Export.Palace.RoyalGold.04
14:10:07 | INFO: Primitives created: 1
14:10:07 | INFO: Extracting primitive: NC.Export.Palace.RoyalGold.05
14:10:07 | INFO: Primitives created: 1
14:10:07 | INFO: Extracting primitive: NC.Export.Palace.RoyalGold.06
14:10:07 | INFO: Primitives created: 1
14:10:07 | INFO: Extracting primitive: NC.Export.Palace.RoyalGold.07
14:10:07 | INFO: Primitives created: 1
14:10:07 | INFO: Extracting primitive: NC.Export.Palace.RoyalGold.08
14:10:07 | INFO: Primitives created: 1
14:10:07 | INFO: Extracting primitive: NC.Export.Palace.RoyalGold.09
14:10:07 | INFO: Primitives created: 1
14:10:07 | INFO: Extracting primitive: NC.Export.Palace.TealRoof
14:10:07 | INFO: Primitives created: 1
14:10:07 | INFO: Extracting primitive: NC.Export.Site.IvoryStone
14:10:07 | INFO: Primitives created: 1
14:10:07 | INFO: Extracting primitive: NC.Export.Site.Moat
14:10:07 | INFO: Primitives created: 1
14:10:07 | INFO: Finished glTF 2.0 export in 1.387080430984497 s

14:10:07 | INFO: Starting glTF 2.0 export
14:10:07 | INFO: Extracting primitive: NC.Export.Courtyard.BridgeTimber
14:10:07 | INFO: Primitives created: 1
14:10:07 | INFO: Extracting primitive: NC.Export.Courtyard.CrystalBlue
14:10:07 | INFO: Primitives created: 1
14:10:07 | INFO: Extracting primitive: NC.Export.Courtyard.Cypress0.00
14:10:07 | INFO: Primitives created: 1
14:10:07 | INFO: Extracting primitive: NC.Export.Courtyard.Cypress0.01
14:10:07 | INFO: Primitives created: 1
14:10:07 | INFO: Extracting primitive: NC.Export.Courtyard.Cypress0.02
14:10:07 | INFO: Primitives created: 1
14:10:07 | INFO: Extracting primitive: NC.Export.Courtyard.Cypress1.00
14:10:07 | INFO: Primitives created: 1
14:10:07 | INFO: Extracting primitive: NC.Export.Courtyard.Cypress1.01
14:10:07 | INFO: Primitives created: 1
14:10:07 | INFO: Extracting primitive: NC.Export.Courtyard.Cypress1.02
14:10:07 | INFO: Primitives created: 1
14:10:07 | INFO: Extracting primitive: NC.Export.Courtyard.Cypress2.00
14:10:07 | INFO: Primitives created: 1
14:10:07 | INFO: Extracting primitive: NC.Export.Courtyard.Cypress2.01
14:10:07 | INFO: Primitives created: 1
14:10:07 | INFO: Extracting primitive: NC.Export.Courtyard.Cypress2.02
14:10:07 | INFO: Primitives created: 1
14:10:07 | INFO: Extracting primitive: NC.Export.Courtyard.DarkIron
14:10:07 | INFO: Primitives created: 1
14:10:07 | INFO: Extracting primitive: NC.Export.Courtyard.FlowerIvory
14:10:07 | INFO: Primitives created: 1
14:10:07 | INFO: Extracting primitive: NC.Export.Courtyard.FlowerRose
14:10:07 | INFO: Primitives created: 1
14:10:07 | INFO: Extracting primitive: NC.Export.Courtyard.FlowerViolet
14:10:07 | INFO: Primitives created: 1
14:10:07 | INFO: Extracting primitive: NC.Export.Courtyard.GardenWood
14:10:07 | INFO: Primitives created: 1
14:10:07 | INFO: Extracting primitive: NC.Export.Courtyard.IvoryStone.00
14:10:07 | INFO: Primitives created: 1
14:10:07 | INFO: Extracting primitive: NC.Export.Courtyard.IvoryStone.01
14:10:07 | INFO: Primitives created: 1
14:10:07 | INFO: Extracting primitive: NC.Export.Courtyard.LampGlow
14:10:07 | INFO: Primitives created: 1
14:10:07 | INFO: Extracting primitive: NC.Export.Courtyard.PathStone
14:10:07 | INFO: Primitives created: 1
14:10:07 | INFO: Extracting primitive: NC.Export.Courtyard.PolishedBrass.00
14:10:07 | INFO: Primitives created: 1
14:10:07 | INFO: Extracting primitive: NC.Export.Courtyard.PolishedBrass.01
14:10:07 | INFO: Primitives created: 1
14:10:07 | INFO: Extracting primitive: NC.Export.Courtyard.RoyalGold
14:10:07 | INFO: Primitives created: 1
14:10:07 | INFO: Extracting primitive: NC.Export.Courtyard.TealRoof
14:10:07 | INFO: Primitives created: 1
14:10:07 | INFO: Extracting primitive: NC.Export.Fortifications.BannerTeal
14:10:07 | INFO: Primitives created: 1
14:10:07 | INFO: Extracting primitive: NC.Export.Fortifications.CrystalBlue
14:10:07 | INFO: Primitives created: 1
14:10:07 | INFO: Extracting primitive: NC.Export.Fortifications.DarkIron
14:10:07 | INFO: Primitives created: 1
14:10:07 | INFO: Extracting primitive: NC.Export.Fortifications.IvoryStone.00
14:10:07 | INFO: Primitives created: 1
14:10:07 | INFO: Extracting primitive: NC.Export.Fortifications.IvoryStone.01
14:10:07 | INFO: Primitives created: 1
14:10:07 | INFO: Extracting primitive: NC.Export.Fortifications.IvoryStone.02
14:10:07 | INFO: Primitives created: 1
14:10:07 | INFO: Extracting primitive: NC.Export.Fortifications.IvoryStone.03
14:10:07 | INFO: Primitives created: 1
14:10:07 | INFO: Extracting primitive: NC.Export.Fortifications.IvoryStone.04
14:10:07 | INFO: Primitives created: 1
14:10:07 | INFO: Extracting primitive: NC.Export.Fortifications.IvoryStone.05
14:10:07 | INFO: Primitives created: 1
14:10:07 | INFO: Extracting primitive: NC.Export.Fortifications.IvoryStone.06
14:10:07 | INFO: Primitives created: 1
14:10:08 | INFO: Extracting primitive: NC.Export.Fortifications.IvoryStone.07
14:10:08 | INFO: Primitives created: 1
14:10:08 | INFO: Extracting primitive: NC.Export.Fortifications.IvoryStone.08
14:10:08 | INFO: Primitives created: 1
14:10:08 | INFO: Extracting primitive: NC.Export.Fortifications.Masonry
14:10:08 | INFO: Primitives created: 1
14:10:08 | INFO: Extracting primitive: NC.Export.Fortifications.PolishedBrass
14:10:08 | INFO: Primitives created: 1
14:10:08 | INFO: Extracting primitive: NC.Export.Fortifications.RoyalGlass
14:10:08 | INFO: Primitives created: 1
14:10:08 | INFO: Extracting primitive: NC.Export.Fortifications.RoyalGold.00
14:10:08 | INFO: Primitives created: 1
14:10:08 | INFO: Extracting primitive: NC.Export.Fortifications.RoyalGold.01
14:10:08 | INFO: Primitives created: 1
14:10:08 | INFO: Extracting primitive: NC.Export.Fortifications.RoyalGold.02
14:10:08 | INFO: Primitives created: 1
14:10:08 | INFO: Extracting primitive: NC.Export.Fortifications.TealRoof
14:10:08 | INFO: Primitives created: 1
14:10:08 | INFO: Extracting primitive: NC.Export.Gatehouse.BannerTeal
14:10:08 | INFO: Primitives created: 1
14:10:08 | INFO: Extracting primitive: NC.Export.Gatehouse.CrystalBlue
14:10:08 | INFO: Primitives created: 1
14:10:08 | INFO: Extracting primitive: NC.Export.Gatehouse.DarkIron
14:10:08 | INFO: Primitives created: 1
14:10:08 | INFO: Extracting primitive: NC.Export.Gatehouse.IvoryStone.00
14:10:08 | INFO: Primitives created: 1
14:10:08 | INFO: Extracting primitive: NC.Export.Gatehouse.IvoryStone.01
14:10:08 | INFO: Primitives created: 1
14:10:08 | INFO: Extracting primitive: NC.Export.Gatehouse.LampGlow
14:10:08 | INFO: Primitives created: 1
14:10:08 | INFO: Extracting primitive: NC.Export.Gatehouse.Masonry
14:10:08 | INFO: Primitives created: 1
14:10:08 | INFO: Extracting primitive: NC.Export.Gatehouse.RoyalGlass
14:10:08 | INFO: Primitives created: 1
14:10:08 | INFO: Extracting primitive: NC.Export.Gatehouse.RoyalGold.00
14:10:08 | INFO: Primitives created: 1
14:10:08 | INFO: Extracting primitive: NC.Export.Gatehouse.RoyalGold.01
14:10:08 | INFO: Primitives created: 1
14:10:08 | INFO: Extracting primitive: NC.Export.Gatehouse.TealRoof
14:10:08 | INFO: Primitives created: 1
14:10:08 | INFO: Extracting primitive: NC.Export.Palace.BannerTeal
14:10:08 | INFO: Primitives created: 1
14:10:08 | INFO: Extracting primitive: NC.Export.Palace.CrystalBlue
14:10:08 | INFO: Primitives created: 1
14:10:08 | INFO: Extracting primitive: NC.Export.Palace.Cypress1
14:10:08 | INFO: Primitives created: 1
14:10:08 | INFO: Extracting primitive: NC.Export.Palace.DarkIron
14:10:08 | INFO: Primitives created: 1
14:10:08 | INFO: Extracting primitive: NC.Export.Palace.FlowerIvory
14:10:08 | INFO: Primitives created: 1
14:10:08 | INFO: Extracting primitive: NC.Export.Palace.FlowerRose
14:10:08 | INFO: Primitives created: 1
14:10:08 | INFO: Extracting primitive: NC.Export.Palace.FlowerViolet
14:10:08 | INFO: Primitives created: 1
14:10:08 | INFO: Extracting primitive: NC.Export.Palace.IvoryStone.00
14:10:08 | INFO: Primitives created: 1
14:10:08 | INFO: Extracting primitive: NC.Export.Palace.IvoryStone.01
14:10:08 | INFO: Primitives created: 1
14:10:08 | INFO: Extracting primitive: NC.Export.Palace.IvoryStone.02
14:10:08 | INFO: Primitives created: 1
14:10:08 | INFO: Extracting primitive: NC.Export.Palace.IvoryStone.03
14:10:08 | INFO: Primitives created: 1
14:10:08 | INFO: Extracting primitive: NC.Export.Palace.IvoryStone.04
14:10:08 | INFO: Primitives created: 1
14:10:08 | INFO: Extracting primitive: NC.Export.Palace.IvoryStone.05
14:10:08 | INFO: Primitives created: 1
14:10:08 | INFO: Extracting primitive: NC.Export.Palace.IvoryStone.06
14:10:08 | INFO: Primitives created: 1
14:10:08 | INFO: Extracting primitive: NC.Export.Palace.LampGlow
14:10:08 | INFO: Primitives created: 1
14:10:08 | INFO: Extracting primitive: NC.Export.Palace.Masonry
14:10:08 | INFO: Primitives created: 1
14:10:08 | INFO: Extracting primitive: NC.Export.Palace.PolishedBrass
14:10:08 | INFO: Primitives created: 1
14:10:08 | INFO: Extracting primitive: NC.Export.Palace.RoyalDoor
14:10:08 | INFO: Primitives created: 1
14:10:08 | INFO: Extracting primitive: NC.Export.Palace.RoyalGlass
14:10:08 | INFO: Primitives created: 1
14:10:08 | INFO: Extracting primitive: NC.Export.Palace.RoyalGold.00
14:10:08 | INFO: Primitives created: 1
14:10:08 | INFO: Extracting primitive: NC.Export.Palace.RoyalGold.01
14:10:08 | INFO: Primitives created: 1
14:10:08 | INFO: Extracting primitive: NC.Export.Palace.RoyalGold.02
14:10:08 | INFO: Primitives created: 1
14:10:08 | INFO: Extracting primitive: NC.Export.Palace.RoyalGold.03
14:10:08 | INFO: Primitives created: 1
14:10:08 | INFO: Extracting primitive: NC.Export.Palace.RoyalGold.04
14:10:08 | INFO: Primitives created: 1
14:10:08 | INFO: Extracting primitive: NC.Export.Palace.RoyalGold.05
14:10:08 | INFO: Primitives created: 1
14:10:08 | INFO: Extracting primitive: NC.Export.Palace.RoyalGold.06
14:10:08 | INFO: Primitives created: 1
14:10:08 | INFO: Extracting primitive: NC.Export.Palace.RoyalGold.07
14:10:08 | INFO: Primitives created: 1
14:10:08 | INFO: Extracting primitive: NC.Export.Palace.RoyalGold.08
14:10:08 | INFO: Primitives created: 1
14:10:08 | INFO: Extracting primitive: NC.Export.Palace.RoyalGold.09
14:10:08 | INFO: Primitives created: 1
14:10:08 | INFO: Extracting primitive: NC.Export.Palace.TealRoof
14:10:08 | INFO: Primitives created: 1
14:10:08 | INFO: Extracting primitive: NC.Export.Site.IvoryStone
14:10:08 | INFO: Primitives created: 1
14:10:08 | INFO: Extracting primitive: NC.Export.Site.Moat
14:10:08 | INFO: Primitives created: 1
14:10:08 | INFO: Finished glTF 2.0 export in 0.777083158493042 s

14:10:08 | INFO: Starting glTF 2.0 export
14:10:08 | INFO: Extracting primitive: NC.Export.Bridge.BridgeTimber
14:10:08 | INFO: Primitives created: 1
14:10:08 | INFO: Extracting primitive: NC.Export.Bridge.CrystalBlue
14:10:08 | INFO: Primitives created: 1
14:10:08 | INFO: Extracting primitive: NC.Export.Bridge.DarkIron
14:10:08 | INFO: Primitives created: 1
14:10:08 | INFO: Extracting primitive: NC.Export.Bridge.IvoryStone
14:10:08 | INFO: Primitives created: 1
14:10:08 | INFO: Extracting primitive: NC.Export.Bridge.PolishedBrass
14:10:08 | INFO: Primitives created: 1
14:10:08 | INFO: Extracting primitive: NC.Export.Bridge.RoyalDoor
14:10:08 | INFO: Primitives created: 1
14:10:08 | INFO: Extracting primitive: NC.Export.Bridge.RoyalGold
14:10:08 | INFO: Primitives created: 1
14:10:08 | INFO: Finished glTF 2.0 export in 0.45539021492004395 s

14:10:09 | INFO: Starting glTF 2.0 export
14:10:09 | INFO: Extracting primitive: NC.Export.DoorWest.PolishedBrass
14:10:09 | INFO: Primitives created: 1
14:10:09 | INFO: Extracting primitive: NC.Export.DoorWest.RoyalDoor
14:10:09 | INFO: Primitives created: 1
14:10:09 | INFO: Extracting primitive: NC.Export.DoorWest.RoyalGold
14:10:09 | INFO: Primitives created: 1
14:10:09 | INFO: Finished glTF 2.0 export in 0.05929684638977051 s

14:10:09 | INFO: Starting glTF 2.0 export
14:10:09 | INFO: Extracting primitive: NC.Export.DoorEast.PolishedBrass
14:10:09 | INFO: Primitives created: 1
14:10:09 | INFO: Extracting primitive: NC.Export.DoorEast.RoyalDoor
14:10:09 | INFO: Primitives created: 1
14:10:09 | INFO: Extracting primitive: NC.Export.DoorEast.RoyalGold
14:10:09 | INFO: Primitives created: 1
14:10:09 | INFO: Finished glTF 2.0 export in 0.06171059608459473 s

NC_RESULT {"source_triangles": 895535, "export_triangles": 894867, "removed_zero_area_triangles": 668, "uv_fallback_triangles": 476507, "static_parts": ["NC.Export.Courtyard.BridgeTimber", "NC.Export.Courtyard.CrystalBlue", "NC.Export.Courtyard.Cypress0.00", "NC.Export.Courtyard.Cypress0.01", "NC.Export.Courtyard.Cypress0.02", "NC.Export.Courtyard.Cypress1.00", "NC.Export.Courtyard.Cypress1.01", "NC.Export.Courtyard.Cypress1.02", "NC.Export.Courtyard.Cypress2.00", "NC.Export.Courtyard.Cypress2.01", "NC.Export.Courtyard.Cypress2.02", "NC.Export.Courtyard.DarkIron", "NC.Export.Courtyard.FlowerIvory", "NC.Export.Courtyard.FlowerRose", "NC.Export.Courtyard.FlowerViolet", "NC.Export.Courtyard.GardenWood", "NC.Export.Courtyard.IvoryStone.00", "NC.Export.Courtyard.IvoryStone.01", "NC.Export.Courtyard.LampGlow", "NC.Export.Courtyard.PathStone", "NC.Export.Courtyard.PolishedBrass.00", "NC.Export.Courtyard.PolishedBrass.01", "NC.Export.Courtyard.RoyalGold", "NC.Export.Courtyard.TealRoof", "NC.Export.Fortifications.BannerTeal", "NC.Export.Fortifications.CrystalBlue", "NC.Export.Fortifications.DarkIron", "NC.Export.Fortifications.IvoryStone.00", "NC.Export.Fortifications.IvoryStone.01", "NC.Export.Fortifications.IvoryStone.02", "NC.Export.Fortifications.IvoryStone.03", "NC.Export.Fortifications.IvoryStone.04", "NC.Export.Fortifications.IvoryStone.05", "NC.Export.Fortifications.IvoryStone.06", "NC.Export.Fortifications.IvoryStone.07", "NC.Export.Fortifications.IvoryStone.08", "NC.Export.Fortifications.Masonry", "NC.Export.Fortifications.PolishedBrass", "NC.Export.Fortifications.RoyalGlass", "NC.Export.Fortifications.RoyalGold.00", "NC.Export.Fortifications.RoyalGold.01", "NC.Export.Fortifications.RoyalGold.02", "NC.Export.Fortifications.TealRoof", "NC.Export.Gatehouse.BannerTeal", "NC.Export.Gatehouse.CrystalBlue", "NC.Export.Gatehouse.DarkIron", "NC.Export.Gatehouse.IvoryStone.00", "NC.Export.Gatehouse.IvoryStone.01", "NC.Export.Gatehouse.LampGlow", "NC.Export.Gatehouse.Masonry", "NC.Export.Gatehouse.RoyalGlass", "NC.Export.Gatehouse.RoyalGold.00", "NC.Export.Gatehouse.RoyalGold.01", "NC.Export.Gatehouse.TealRoof", "NC.Export.Palace.BannerTeal", "NC.Export.Palace.CrystalBlue", "NC.Export.Palace.Cypress1", "NC.Export.Palace.DarkIron", "NC.Export.Palace.FlowerIvory", "NC.Export.Palace.FlowerRose", "NC.Export.Palace.FlowerViolet", "NC.Export.Palace.IvoryStone.00", "NC.Export.Palace.IvoryStone.01", "NC.Export.Palace.IvoryStone.02", "NC.Export.Palace.IvoryStone.03", "NC.Export.Palace.IvoryStone.04", "NC.Export.Palace.IvoryStone.05", "NC.Export.Palace.IvoryStone.06", "NC.Export.Palace.LampGlow", "NC.Export.Palace.Masonry", "NC.Export.Palace.PolishedBrass", "NC.Export.Palace.RoyalDoor", "NC.Export.Palace.RoyalGlass", "NC.Export.Palace.RoyalGold.00", "NC.Export.Palace.RoyalGold.01", "NC.Export.Palace.RoyalGold.02", "NC.Export.Palace.RoyalGold.03", "NC.Export.Palace.RoyalGold.04", "NC.Export.Palace.RoyalGold.05", "NC.Export.Palace.RoyalGold.06", "NC.Export.Palace.RoyalGold.07", "NC.Export.Palace.RoyalGold.08", "NC.Export.Palace.RoyalGold.09", "NC.Export.Palace.TealRoof", "NC.Export.Site.IvoryStone", "NC.Export.Site.Moat"], "moving_parts": {"Bridge": ["NC.Export.Bridge.BridgeTimber", "NC.Export.Bridge.CrystalBlue", "NC.Export.Bridge.DarkIron", "NC.Export.Bridge.IvoryStone", "NC.Export.Bridge.PolishedBrass", "NC.Export.Bridge.RoyalDoor", "NC.Export.Bridge.RoyalGold"], "DoorWest": ["NC.Export.DoorWest.PolishedBrass", "NC.Export.DoorWest.RoyalDoor", "NC.Export.DoorWest.RoyalGold"], "DoorEast": ["NC.Export.DoorEast.PolishedBrass", "NC.Export.DoorEast.RoyalDoor", "NC.Export.DoorEast.RoyalGold"]}, "axis_convention": "Blender (x,y,z) -> glTF (x,z,-y), export_yup true", "bridge_hinge_blender": [0.0, -64.0, -0.25], "source_modified": false, "texture_embedded": true}
Blender 5.2.1 LTS (hash 9e2066aef7ef built 2026-08-25 02:38:20)

Blender quit
